Archive member included to satisfy reference by file (symbol)

/usr/lib/gcc/arm-none-eabi/13.2.1/../../../arm-none-eabi/lib/thumb/v7e-m+fp/hard/libc_nano.a(libc_a-init.o)
                              /usr/lib/gcc/arm-none-eabi/13.2.1/../../../arm-none-eabi/lib/thumb/v7e-m+fp/hard/crt0.o (__libc_init_array)
/usr/lib/gcc/arm-none-eabi/13.2.1/../../../arm-none-eabi/lib/thumb/v7e-m+fp/hard/libc_nano.a(libc_a-memset.o)
                              /usr/lib/gcc/arm-none-eabi/13.2.1/../../../arm-none-eabi/lib/thumb/v7e-m+fp/hard/crt0.o (memset)
/usr/lib/gcc/arm-none-eabi/13.2.1/../../../arm-none-eabi/lib/thumb/v7e-m+fp/hard/libc_nano.a(libc_a-exit.o)
                              /usr/lib/gcc/arm-none-eabi/13.2.1/../../../arm-none-eabi/lib/thumb/v7e-m+fp/hard/crt0.o (exit)
/usr/lib/gcc/arm-none-eabi/13.2.1/../../../arm-none-eabi/lib/thumb/v7e-m+fp/hard/libc_nano.a(libc_a-atexit.o)
                              /usr/lib/gcc/arm-none-eabi/13.2.1/../../../arm-none-eabi/lib/thumb/v7e-m+fp/hard/crt0.o (atexit)
/usr/lib/gcc/arm-none-eabi/13.2.1/../../../arm-none-eabi/lib/thumb/v7e-m+fp/hard/libc_nano.a(libc_a-fini.o)
                              /usr/lib/gcc/arm-none-eabi/13.2.1/../../../arm-none-eabi/lib/thumb/v7e-m+fp/hard/crt0.o (__libc_fini_array)
/usr/lib/gcc/arm-none-eabi/13.2.1/../../../arm-none-eabi/lib/thumb/v7e-m+fp/hard/libc_nano.a(libc_a-findfp.o)
                              /usr/lib/gcc/arm-none-eabi/13.2.1/../../../arm-none-eabi/lib/thumb/v7e-m+fp/hard/libc_nano.a(libc_a-exit.o) (__stdio_exit_handler)
/usr/lib/gcc/arm-none-eabi/13.2.1/../../../arm-none-eabi/lib/thumb/v7e-m+fp/hard/libc_nano.a(libc_a-fflush.o)
                              /usr/lib/gcc/arm-none-eabi/13.2.1/../../../arm-none-eabi/lib/thumb/v7e-m+fp/hard/libc_nano.a(libc_a-findfp.o) (_fflush_r)
/usr/lib/gcc/arm-none-eabi/13.2.1/../../../arm-none-eabi/lib/thumb/v7e-m+fp/hard/libc_nano.a(libc_a-mallocr.o)
                              /usr/lib/gcc/arm-none-eabi/13.2.1/../../../arm-none-eabi/lib/thumb/v7e-m+fp/hard/libc_nano.a(libc_a-findfp.o) (_malloc_r)
/usr/lib/gcc/arm-none-eabi/13.2.1/../../../arm-none-eabi/lib/thumb/v7e-m+fp/hard/libc_nano.a(libc_a-freer.o)
                              /usr/lib/gcc/arm-none-eabi/13.2.1/../../../arm-none-eabi/lib/thumb/v7e-m+fp/hard/libc_nano.a(libc_a-fflush.o) (_free_r)
/usr/lib/gcc/arm-none-eabi/13.2.1/../../../arm-none-eabi/lib/thumb/v7e-m+fp/hard/libc_nano.a(libc_a-fwalk.o)
                              /usr/lib/gcc/arm-none-eabi/13.2.1/../../../arm-none-eabi/lib/thumb/v7e-m+fp/hard/libc_nano.a(libc_a-findfp.o) (_fwalk_sglue)
/usr/lib/gcc/arm-none-eabi/13.2.1/../../../arm-none-eabi/lib/thumb/v7e-m+fp/hard/libc_nano.a(libc_a-__atexit.o)
                              /usr/lib/gcc/arm-none-eabi/13.2.1/../../../arm-none-eabi/lib/thumb/v7e-m+fp/hard/libc_nano.a(libc_a-atexit.o) (__register_exitproc)
/usr/lib/gcc/arm-none-eabi/13.2.1/../../../arm-none-eabi/lib/thumb/v7e-m+fp/hard/libc_nano.a(libc_a-mlock.o)
                              /usr/lib/gcc/arm-none-eabi/13.2.1/../../../arm-none-eabi/lib/thumb/v7e-m+fp/hard/libc_nano.a(libc_a-mallocr.o) (__malloc_lock)
/usr/lib/gcc/arm-none-eabi/13.2.1/../../../arm-none-eabi/lib/thumb/v7e-m+fp/hard/libc_nano.a(libc_a-sbrkr.o)
                              /usr/lib/gcc/arm-none-eabi/13.2.1/../../../arm-none-eabi/lib/thumb/v7e-m+fp/hard/libc_nano.a(libc_a-mallocr.o) (_sbrk_r)
/usr/lib/gcc/arm-none-eabi/13.2.1/../../../arm-none-eabi/lib/thumb/v7e-m+fp/hard/libc_nano.a(libc_a-stdio.o)
                              /usr/lib/gcc/arm-none-eabi/13.2.1/../../../arm-none-eabi/lib/thumb/v7e-m+fp/hard/libc_nano.a(libc_a-findfp.o) (__sread)
/usr/lib/gcc/arm-none-eabi/13.2.1/../../../arm-none-eabi/lib/thumb/v7e-m+fp/hard/libc_nano.a(libc_a-impure.o)
                              /usr/lib/gcc/arm-none-eabi/13.2.1/../../../arm-none-eabi/lib/thumb/v7e-m+fp/hard/libc_nano.a(libc_a-fflush.o) (_impure_ptr)
/usr/lib/gcc/arm-none-eabi/13.2.1/../../../arm-none-eabi/lib/thumb/v7e-m+fp/hard/libc_nano.a(libc_a-closer.o)
                              /usr/lib/gcc/arm-none-eabi/13.2.1/../../../arm-none-eabi/lib/thumb/v7e-m+fp/hard/libc_nano.a(libc_a-stdio.o) (_close_r)
/usr/lib/gcc/arm-none-eabi/13.2.1/../../../arm-none-eabi/lib/thumb/v7e-m+fp/hard/libc_nano.a(libc_a-__call_atexit.o)
                              /usr/lib/gcc/arm-none-eabi/13.2.1/../../../arm-none-eabi/lib/thumb/v7e-m+fp/hard/libc_nano.a(libc_a-__atexit.o) (__call_exitprocs)
/usr/lib/gcc/arm-none-eabi/13.2.1/../../../arm-none-eabi/lib/thumb/v7e-m+fp/hard/libc_nano.a(libc_a-readr.o)
                              /usr/lib/gcc/arm-none-eabi/13.2.1/../../../arm-none-eabi/lib/thumb/v7e-m+fp/hard/libc_nano.a(libc_a-stdio.o) (_read_r)
/usr/lib/gcc/arm-none-eabi/13.2.1/../../../arm-none-eabi/lib/thumb/v7e-m+fp/hard/libc_nano.a(libc_a-reent.o)
                              /usr/lib/gcc/arm-none-eabi/13.2.1/../../../arm-none-eabi/lib/thumb/v7e-m+fp/hard/libc_nano.a(libc_a-sbrkr.o) (errno)
[...]
Memory Configuration

Name             Origin             Length             Attributes
FLASH            0x08000000         0x00100000         xr
RAM              0x20000000         0x00018000         xrw
SPIM             0x08400000         0x01000000         xr
*default*        0x00000000         0xffffffff

Linker script and memory map

LOAD /usr/lib/gcc/arm-none-eabi/13.2.1/thumb/v7e-m+fp/hard/crti.o
LOAD /usr/lib/gcc/arm-none-eabi/13.2.1/thumb/v7e-m+fp/hard/crtbegin.o
LOAD /usr/lib/gcc/arm-none-eabi/13.2.1/../../../arm-none-eabi/lib/thumb/v7e-m+fp/hard/crt0.o
START GROUP
LOAD /usr/lib/gcc/arm-none-eabi/13.2.1/../../../arm-none-eabi/lib/thumb/v7e-m+fp/hard/libc_nano.a
LOAD /usr/lib/gcc/arm-none-eabi/13.2.1/../../../arm-none-eabi/lib/thumb/v7e-m+fp/hard/libm.a
END GROUP
LOAD CMakeFiles/test.elf.dir/AT32F403AVGT7PHC/libraries/cmsis/cm4/device_support/startup/gcc/startup_at32f403a_407.s.obj
START GROUP
LOAD libapp_core.a
LOAD libbsp_hw.a
LOAD libbsp_hw.a
LOAD libelab_vfs.a
END GROUP
LOAD libapp_core.a
START GROUP
LOAD /usr/lib/gcc/arm-none-eabi/13.2.1/thumb/v7e-m+fp/hard/libgcc.a
LOAD /usr/lib/gcc/arm-none-eabi/13.2.1/../../../arm-none-eabi/lib/thumb/v7e-m+fp/hard/libc_nano.a
END GROUP
START GROUP
LOAD /usr/lib/gcc/arm-none-eabi/13.2.1/thumb/v7e-m+fp/hard/libgcc.a
LOAD /usr/lib/gcc/arm-none-eabi/13.2.1/../../../arm-none-eabi/lib/thumb/v7e-m+fp/hard/libc_nano.a
END GROUP
LOAD /usr/lib/gcc/arm-none-eabi/13.2.1/thumb/v7e-m+fp/hard/crtend.o
LOAD /usr/lib/gcc/arm-none-eabi/13.2.1/thumb/v7e-m+fp/hard/crtn.o
                0x20018000                        _estack = 0x20018000
                0x00000200                        _Min_Heap_Size = 0x200
                0x00001000                        _Min_Stack_Size = 0x1000

.isr_vector     0x08000000      0x184
                0x08000000                        . = ALIGN (0x4)
 *(.isr_vector)
 .isr_vector    0x08000000      0x184 CMakeFiles/test.elf.dir/AT32F403AVGT7PHC/libraries/cmsis/cm4/device_support/startup/gcc/startup_at32f403a_407.s.obj
                0x08000000                g_pfnVectors
                0x08000184                        . = ALIGN (0x4)

.text           0x080001a0     0xcefc
                0x080001a0                        . = ALIGN (0x4)
 *(.text)
 .text          0x080001a0       0x88 /usr/lib/gcc/arm-none-eabi/13.2.1/thumb/v7e-m+fp/hard/crtbegin.o
 .text          0x08000228       0x50 /usr/lib/gcc/arm-none-eabi/13.2.1/../../../arm-none-eabi/lib/thumb/v7e-m+fp/hard/libc_nano.a(libc_a-init.o)
                0x08000228                __libc_init_array
 .text          0x08000278       0xa4 /usr/lib/gcc/arm-none-eabi/13.2.1/../../../arm-none-eabi/lib/thumb/v7e-m+fp/hard/libc_nano.a(libc_a-memset.o)
                0x08000278                memset
 .text          0x0800031c      0x224 /usr/lib/gcc/arm-none-eabi/13.2.1/../../../arm-none-eabi/lib/thumb/v7e-m+fp/hard/libc_nano.a(libc_a-findfp.o)
                0x0800044c                __sfp
                0x080004f0                __sinit
                0x08000510                __sfp_lock_acquire
                0x08000514                __sfp_lock_release
                0x08000518                __fp_lock_all
                0x0800052c                __fp_unlock_all
 .text          0x08000540      0x1a8 /usr/lib/gcc/arm-none-eabi/13.2.1/../../../arm-none-eabi/lib/thumb/v7e-m+fp/hard/libc_nano.a(libc_a-fflush.o)
                0x08000540                __sflush_r
                0x08000664                _fflush_r
                0x0800069c                fflush
 .text          0x080006e8      0x148 /usr/lib/gcc/arm-none-eabi/13.2.1/../../../arm-none-eabi/lib/thumb/v7e-m+fp/hard/libc_nano.a(libc_a-mallocr.o)
                0x08000730                _malloc_r
 .text          0x08000830       0xbc /usr/lib/gcc/arm-none-eabi/13.2.1/../../../arm-none-eabi/lib/thumb/v7e-m+fp/hard/libc_nano.a(libc_a-freer.o)
                0x08000830                _free_r
 .text          0x080008ec       0x44 /usr/lib/gcc/arm-none-eabi/13.2.1/../../../arm-none-eabi/lib/thumb/v7e-m+fp/hard/libc_nano.a(libc_a-fwalk.o)
                0x080008ec                _fwalk_sglue
 .text          0x08000930        0x8 /usr/lib/gcc/arm-none-eabi/13.2.1/../../../arm-none-eabi/lib/thumb/v7e-m+fp/hard/libc_nano.a(libc_a-mlock.o)
                0x08000930                __malloc_lock
                0x08000934                __malloc_unlock
 .text          0x08000938       0x24 /usr/lib/gcc/arm-none-eabi/13.2.1/../../../arm-none-eabi/lib/thumb/v7e-m+fp/hard/libc_nano.a(libc_a-sbrkr.o)
                0x08000938                _sbrk_r
 .text          0x0800095c       0x94 /usr/lib/gcc/arm-none-eabi/13.2.1/../../../arm-none-eabi/lib/thumb/v7e-m+fp/hard/libc_nano.a(libc_a-stdio.o)
                0x0800095c                __sread
                0x08000980                __seofread
                0x08000984                __swrite
                0x080009c4                __sseek
                0x080009e8                __sclose
 .text          0x080009f0       0x24 /usr/lib/gcc/arm-none-eabi/13.2.1/../../../arm-none-eabi/lib/thumb/v7e-m+fp/hard/libc_nano.a(libc_a-closer.o)
                0x080009f0                _close_r
 .text          0x08000a14       0x2c /usr/lib/gcc/arm-none-eabi/13.2.1/../../../arm-none-eabi/lib/thumb/v7e-m+fp/hard/libc_nano.a(libc_a-readr.o)
                0x08000a14                _read_r
 .text          0x08000a40       0x2c /usr/lib/gcc/arm-none-eabi/13.2.1/../../../arm-none-eabi/lib/thumb/v7e-m+fp/hard/libc_nano.a(libc_a-lseekr.o)
                0x08000a40                _lseek_r
 .text          0x08000a6c       0x2c /usr/lib/gcc/arm-none-eabi/13.2.1/../../../arm-none-eabi/lib/thumb/v7e-m+fp/hard/libc_nano.a(libc_a-writer.o)
                0x08000a6c                _write_r
 .text          0x08000a98       0xa0 /usr/lib/gcc/arm-none-eabi/13.2.1/../../../arm-none-eabi/lib/thumb/v7e-m+fp/hard/libc_nano.a(libc_a-puts.o)
                0x08000a98                _puts_r
                0x08000b28                puts
 .text          0x08000b38        0xc /usr/lib/gcc/arm-none-eabi/13.2.1/../../../arm-none-eabi/lib/thumb/v7e-m+fp/hard/libc_nano.a(libc_a-errno.o)
                0x08000b38                __errno
 .text          0x08000b44       0x10 /usr/lib/gcc/arm-none-eabi/13.2.1/../../../arm-none-eabi/lib/thumb/v7e-m+fp/hard/libc_nano.a(libc_a-atoi.o)
                0x08000b44                atoi
                0x08000b4c                _atoi_r
 .text          0x08000b54      0x16c /usr/lib/gcc/arm-none-eabi/13.2.1/../../../arm-none-eabi/lib/thumb/v7e-m+fp/hard/libc_nano.a(libc_a-strtol.o)
                0x08000c8c                _strtol_r
                0x08000c90                strtol_l
                0x08000ca8                strtol
 .text          0x08000cc0       0xc4 /usr/lib/gcc/arm-none-eabi/13.2.1/../../../arm-none-eabi/lib/thumb/v7e-m+fp/hard/libc_nano.a(libc_a-wsetup.o)
                0x08000cc0                __swsetup_r
 .text          0x08000d84      0x134 /usr/lib/gcc/arm-none-eabi/13.2.1/../../../arm-none-eabi/lib/thumb/v7e-m+fp/hard/libc_nano.a(libc_a-memcpy.o)
                0x08000d84                memcpy
 .text          0x08000eb8       0x8c /usr/lib/gcc/arm-none-eabi/13.2.1/../../../arm-none-eabi/lib/thumb/v7e-m+fp/hard/libc_nano.a(libc_a-strncmp.o)
                0x08000eb8                strncmp
 .text          0x08000f44      0x114 /usr/lib/gcc/arm-none-eabi/13.2.1/../../../arm-none-eabi/lib/thumb/v7e-m+fp/hard/libc_nano.a(libc_a-makebuf.o)
                0x08000f44                __smakebuf_r
                0x08001008                __swhatbuf_r
 *fill*         0x08001058        0x8 
 .text          0x08001060      0x2e0 /usr/lib/gcc/arm-none-eabi/13.2.1/../../../arm-none-eabi/lib/thumb/v7e-m+fp/hard/libc_nano.a(libc_a-strcmp.o)
                0x08001060                strcmp
 .text          0x08001340       0x48 /usr/lib/gcc/arm-none-eabi/13.2.1/../../../arm-none-eabi/lib/thumb/v7e-m+fp/hard/libc_nano.a(libc_a-printf.o)
                0x08001340                _printf_r
                0x08001340                _iprintf_r
                0x08001360                printf
                0x08001360                iprintf
 .text          0x08001388       0x24 /usr/lib/gcc/arm-none-eabi/13.2.1/../../../arm-none-eabi/lib/thumb/v7e-m+fp/hard/libc_nano.a(libc_a-isattyr.o)
                0x08001388                _isatty_r
 .text          0x080013ac      0x314 /usr/lib/gcc/arm-none-eabi/13.2.1/../../../arm-none-eabi/lib/thumb/v7e-m+fp/hard/libc_nano.a(libc_a-nano-vfprintf.o)
                0x080013e8                __sfputs_r
                0x08001418                __sprint_r
                0x08001438                _vfiprintf_r
                0x08001438                _vfprintf_r
                0x080016a4                vfiprintf
                0x080016a4                vfprintf
 .text          0x080016c0       0xa0 /usr/lib/gcc/arm-none-eabi/13.2.1/../../../arm-none-eabi/lib/thumb/v7e-m+fp/hard/libc_nano.a(libc_a-wbuf.o)
                0x080016c0                __swbuf_r
                0x08001748                __swbuf
 .text          0x08001760      0x300 /usr/lib/gcc/arm-none-eabi/13.2.1/../../../arm-none-eabi/lib/thumb/v7e-m+fp/hard/libc_nano.a(libc_a-fvwrite.o)
                0x08001760                __sfvwrite_r
 .text          0x08001a60      0x100 /usr/lib/gcc/arm-none-eabi/13.2.1/../../../arm-none-eabi/lib/thumb/v7e-m+fp/hard/libc_nano.a(libc_a-memmove.o)
                0x08001a60                memmove
 .text          0x08001b60       0xa0 /usr/lib/gcc/arm-none-eabi/13.2.1/../../../arm-none-eabi/lib/thumb/v7e-m+fp/hard/libc_nano.a(libc_a-memchr.o)
                0x08001b60                memchr
 .text          0x08001c00       0x64 /usr/lib/gcc/arm-none-eabi/13.2.1/../../../arm-none-eabi/lib/thumb/v7e-m+fp/hard/libc_nano.a(libc_a-reallocr.o)
                0x08001c00                _realloc_r
 .text          0x08001c64      0x3a8 /usr/lib/gcc/arm-none-eabi/13.2.1/../../../arm-none-eabi/lib/thumb/v7e-m+fp/hard/libc_nano.a(libc_a-nano-vfprintf_i.o)
                0x08001c64                _printf_common
                0x08001d88                _printf_i
 .text          0x0800200c       0x2c /usr/lib/gcc/arm-none-eabi/13.2.1/../../../arm-none-eabi/lib/thumb/v7e-m+fp/hard/libc_nano.a(libc_a-fstatr.o)
                0x0800200c                _fstat_r
 .text          0x08002038       0x10 /usr/lib/gcc/arm-none-eabi/13.2.1/../../../arm-none-eabi/lib/thumb/v7e-m+fp/hard/libc_nano.a(libc_a-msizer.o)
                0x08002038                _malloc_usable_size_r
 .text          0x08002048       0x60 /usr/lib/gcc/arm-none-eabi/13.2.1/../../../arm-none-eabi/lib/thumb/v7e-m+fp/hard/libm.a(libm_a-wf_log.o)
                0x08002048                logf
 .text          0x080020a8       0x70 /usr/lib/gcc/arm-none-eabi/13.2.1/../../../arm-none-eabi/lib/thumb/v7e-m+fp/hard/libm.a(libm_a-sf_cos.o)
                0x080020a8                cosf
 .text          0x08002118        0xc /usr/lib/gcc/arm-none-eabi/13.2.1/../../../arm-none-eabi/lib/thumb/v7e-m+fp/hard/libm.a(libm_a-sf_nan.o)
                0x08002118                nanf
 .text          0x08002124      0x104 /usr/lib/gcc/arm-none-eabi/13.2.1/../../../arm-none-eabi/lib/thumb/v7e-m+fp/hard/libm.a(libm_a-kf_cos.o)
                0x08002124                __kernel_cosf
 .text          0x08002228       0x74 /usr/lib/gcc/arm-none-eabi/13.2.1/../../../arm-none-eabi/lib/thumb/v7e-m+fp/hard/libm.a(libm_a-sf_sin.o)
                0x08002228                sinf
 .text          0x0800229c       0x90 /usr/lib/gcc/arm-none-eabi/13.2.1/../../../arm-none-eabi/lib/thumb/v7e-m+fp/hard/libm.a(libm_a-kf_sin.o)
                0x0800229c                __kernel_sinf
 .text          0x0800232c      0x260 /usr/lib/gcc/arm-none-eabi/13.2.1/../../../arm-none-eabi/lib/thumb/v7e-m+fp/hard/libm.a(libm_a-ef_rem_pio2.o)
                0x0800232c                __ieee754_rem_pio2f
 .text          0x0800258c       0x10 /usr/lib/gcc/arm-none-eabi/13.2.1/../../../arm-none-eabi/lib/thumb/v7e-m+fp/hard/libm.a(libm_a-sf_fabs.o)
                0x0800258c                fabsf
 .text          0x0800259c      0x1f4 /usr/lib/gcc/arm-none-eabi/13.2.1/../../../arm-none-eabi/lib/thumb/v7e-m+fp/hard/libm.a(libm_a-ef_log.o)
                0x0800259c                __ieee754_logf
 .text          0x08002790      0x63c /usr/lib/gcc/arm-none-eabi/13.2.1/../../../arm-none-eabi/lib/thumb/v7e-m+fp/hard/libm.a(libm_a-kf_rem_pio2.o)
                0x08002790                __kernel_rem_pio2f
 .text          0x08002dcc       0xe4 /usr/lib/gcc/arm-none-eabi/13.2.1/../../../arm-none-eabi/lib/thumb/v7e-m+fp/hard/libm.a(libm_a-sf_scalbn.o)
                0x08002dcc                scalbnf
 .text          0x08002eb0       0x94 /usr/lib/gcc/arm-none-eabi/13.2.1/../../../arm-none-eabi/lib/thumb/v7e-m+fp/hard/libm.a(libm_a-sf_floor.o)
                0x08002eb0                floorf
 *(.text*)
 .text.Reset_Handler
                0x08002f44       0x48 CMakeFiles/test.elf.dir/AT32F403AVGT7PHC/libraries/cmsis/cm4/device_support/startup/gcc/startup_at32f403a_407.s.obj
                0x08002f44                Reset_Handler
 .text.Default_Handler
                0x08002f8c        0x2 CMakeFiles/test.elf.dir/AT32F403AVGT7PHC/libraries/cmsis/cm4/device_support/startup/gcc/startup_at32f403a_407.s.obj
                0x08002f8c                SDIO1_IRQHandler
                0x08002f8c                XMC_IRQHandler
                0x08002f8c                EXINT2_IRQHandler
                0x08002f8c                USBFS_L_CAN1_RX0_IRQHandler
                0x08002f8c                UART8_IRQHandler
                0x08002f8c                SPI4_IRQHandler
                0x08002f8c                I2C2_EVT_IRQHandler
                0x08002f8c                TMR1_OVF_TMR10_IRQHandler
                0x08002f8c                TMR8_TRG_HALL_TMR14_IRQHandler
                0x08002f8c                USBFS_H_CAN1_TX_IRQHandler
                0x08002f8c                I2C1_ERR_IRQHandler
                0x08002f8c                EXINT9_5_IRQHandler
                0x08002f8c                EMAC_IRQHandler
                0x08002f8c                CAN2_RX1_IRQHandler
                0x08002f8c                TMR5_GLOBAL_IRQHandler
                0x08002f8c                SDIO2_IRQHandler
                0x08002f8c                SPI1_IRQHandler
                0x08002f8c                TAMPER_IRQHandler
                0x08002f8c                CAN2_RX0_IRQHandler
                0x08002f8c                DMA2_Channel2_IRQHandler
                0x08002f8c                DMA1_Channel4_IRQHandler
                0x08002f8c                TMR8_CH_IRQHandler
                0x08002f8c                USART6_IRQHandler
                0x08002f8c                EXINT0_IRQHandler
                0x08002f8c                USART3_IRQHandler
                0x08002f8c                RTC_IRQHandler
                0x08002f8c                DMA1_Channel7_IRQHandler
                0x08002f8c                CAN1_RX1_IRQHandler
                0x08002f8c                UART5_IRQHandler
                0x08002f8c                ADC3_IRQHandler
                0x08002f8c                EMAC_WKUP_IRQHandler
                0x08002f8c                DMA2_Channel1_IRQHandler
                0x08002f8c                EXINT3_IRQHandler
                0x08002f8c                DMA1_Channel6_IRQHandler
                0x08002f8c                UART4_IRQHandler
                0x08002f8c                DMA1_Channel1_IRQHandler
                0x08002f8c                Default_Handler
                0x08002f8c                USBFS_MAPH_IRQHandler
                0x08002f8c                TMR3_GLOBAL_IRQHandler
                0x08002f8c                TMR7_GLOBAL_IRQHandler
                0x08002f8c                CAN1_SE_IRQHandler
                0x08002f8c                CAN2_TX_IRQHandler
                0x08002f8c                I2C3_ERR_IRQHandler
                0x08002f8c                SPI3_I2S3EXT_IRQHandler
                0x08002f8c                TMR1_BRK_TMR9_IRQHandler
                0x08002f8c                TMR8_BRK_TMR12_IRQHandler
                0x08002f8c                TMR1_TRG_HALL_TMR11_IRQHandler
                0x08002f8c                DMA1_Channel5_IRQHandler
                0x08002f8c                TMR4_GLOBAL_IRQHandler
                0x08002f8c                EXINT4_IRQHandler
                0x08002f8c                CAN2_SE_IRQHandler
                0x08002f8c                DMA2_Channel6_7_IRQHandler
                0x08002f8c                PVM_IRQHandler
                0x08002f8c                I2C3_EVT_IRQHandler
                0x08002f8c                DMA1_Channel3_IRQHandler
                0x08002f8c                I2C1_EVT_IRQHandler
                0x08002f8c                TMR8_OVF_TMR13_IRQHandler
                0x08002f8c                EXINT1_IRQHandler
                0x08002f8c                RTCAlarm_IRQHandler
                0x08002f8c                DMA2_Channel4_5_IRQHandler
                0x08002f8c                UART7_IRQHandler
                0x08002f8c                USART2_IRQHandler
                0x08002f8c                DMA1_Channel2_IRQHandler
                0x08002f8c                TMR2_GLOBAL_IRQHandler
                0x08002f8c                FLASH_IRQHandler
                0x08002f8c                SPI2_I2S2EXT_IRQHandler
                0x08002f8c                I2C2_ERR_IRQHandler
                0x08002f8c                USBFSWakeUp_IRQHandler
                0x08002f8c                TMR1_CH_IRQHandler
                0x08002f8c                CRM_IRQHandler
                0x08002f8c                EXINT15_10_IRQHandler
                0x08002f8c                WWDT_IRQHandler
                0x08002f8c                DMA2_Channel3_IRQHandler
 *fill*         0x08002f8e        0x2 
 .text._init_led_status
                0x08002f90       0x18 libbsp_hw.a(board.c.obj)
 .text.hardware_spi3_init
                0x08002fa8        0xc libbsp_hw.a(board.c.obj)
 .text._init_imu_sensor
                0x08002fb4       0x18 libbsp_hw.a(board.c.obj)
 .text._init_enc_left
                0x08002fcc       0x18 libbsp_hw.a(board.c.obj)
 .text._init_enc_right
                0x08002fe4       0x18 libbsp_hw.a(board.c.obj)
 .text._init_motor_left
                0x08002ffc       0x18 libbsp_hw.a(board.c.obj)
 .text._init_motor_right
                0x08003014       0x18 libbsp_hw.a(board.c.obj)
 .text.Get_Battery_Percent
                0x0800302c      0x128 libbsp_hw.a(elab_adc3.c.obj)
                0x0800302c                Get_Battery_Percent
 .text.Get_Motor_Temperature
                0x08003154       0xd8 libbsp_hw.a(elab_adc3.c.obj)
                0x08003154                Get_Motor_Temperature
 .text.Get_Battery_Voltage
                0x0800322c       0x54 libbsp_hw.a(elab_adc3.c.obj)
                0x0800322c                Get_Battery_Voltage
 .text.Clarke_Park_Ipark
                0x08003280      0x164 libbsp_hw.a(elab_foc_motor.c.obj)
 .text.svpwm    0x080033e4      0x6b4 libbsp_hw.a(elab_foc_motor.c.obj)
 .text.Start_Music
                0x08003a98       0x80 libbsp_hw.a(elab_foc_motor.c.obj)
 .text.elab_foc_isr_handle
                0x08003b18      0x43c libbsp_hw.a(elab_foc_motor.c.obj)
                0x08003b18                elab_foc_isr_handle
 .text.elab_foc_motor_register
                0x08003f54       0x1a libbsp_hw.a(elab_foc_motor.c.obj)
                0x08003f54                elab_foc_motor_register
 .text.led_enable
                0x08003f6e       0x1a libbsp_hw.a(elab_led_at32.c.obj)
 .text.led_write
                0x08003f88       0x32 libbsp_hw.a(elab_led_at32.c.obj)
 *fill*         0x08003fba        0x2 
 .text.elab_led_core_register
                0x08003fbc       0x24 libbsp_hw.a(elab_led_at32.c.obj)
                0x08003fbc                elab_led_core_register
 .text.mpu_spi_swap_byte
                0x08003fe0       0x4a libbsp_hw.a(elab_mpu6500.c.obj)
 .text.mpu_spi_read_reg
                0x0800402a       0x5e libbsp_hw.a(elab_mpu6500.c.obj)
 .text.mpu_spi_write_reg
                0x08004088       0x5a libbsp_hw.a(elab_mpu6500.c.obj)
 .text.mpu6500_enable
                0x080040e2       0x1a libbsp_hw.a(elab_mpu6500.c.obj)
 .text.mpu6500_read
                0x080040fc      0x1bc libbsp_hw.a(elab_mpu6500.c.obj)
 .text.elab_mpu6500_register
                0x080042b8       0xd0 libbsp_hw.a(elab_mpu6500.c.obj)
                0x080042b8                elab_mpu6500_register
 .text.elab_mpu6500_core_register
                0x08004388       0x1a libbsp_hw.a(elab_mpu6500.c.obj)
                0x08004388                elab_mpu6500_core_register
 *fill*         0x080043a2        0x2 
 .text.System_Panic
                0x080043a4       0x2c libbsp_hw.a(elab_port.c.obj)
                0x080043a4                System_Panic
 .text.Q_onError
                0x080043d0       0x1a libbsp_hw.a(elab_port.c.obj)
                0x080043d0                Q_onError
 *fill*         0x080043ea        0x2 
 .text.elab_power_key_init
                0x080043ec       0x48 libbsp_hw.a(elab_power_key.c.obj)
                0x080043ec                elab_power_key_init
 .text.elab_power_key_tick_isr
                0x08004434       0xb4 libbsp_hw.a(elab_power_key.c.obj)
                0x08004434                elab_power_key_tick_isr
 .text.elab_system_shutdown
                0x080044e8       0x5c libbsp_hw.a(elab_power_key.c.obj)
                0x080044e8                elab_system_shutdown
 .text.Protocol_Send_Telemetry
                0x08004544      0x164 libbsp_hw.a(elab_protocol.c.obj)
                0x08004544                Protocol_Send_Telemetry
 .text.tle5012b_read_raw_fast
                0x080046a8       0x6a libbsp_hw.a(elab_tle5012b.c.obj)
                0x080046a8                tle5012b_read_raw_fast
 .text.tle_spi_swap_16bit
                0x08004712       0x6e libbsp_hw.a(elab_tle5012b.c.obj)
 .text.tle5012b_read
                0x08004780       0xc4 libbsp_hw.a(elab_tle5012b.c.obj)
 .text.tle5012b_enable
                0x08004844       0x20 libbsp_hw.a(elab_tle5012b.c.obj)
 .text.elab_tle5012b_register
                0x08004864       0x98 libbsp_hw.a(elab_tle5012b.c.obj)
                0x08004864                elab_tle5012b_register
 .text.elab_tle5012b_core_register
                0x080048fc       0x1a libbsp_hw.a(elab_tle5012b.c.obj)
                0x080048fc                elab_tle5012b_core_register
 *fill*         0x08004916        0x2 
 .text.elab_usart1_init
                0x08004918      0x180 libbsp_hw.a(elab_usart1.c.obj)
                0x08004918                elab_usart1_init
 .text.elab_usart1_send_dma
                0x08004a98       0x80 libbsp_hw.a(elab_usart1.c.obj)
                0x08004a98                elab_usart1_send_dma
 .text.USART1_IRQHandler
                0x08004b18       0x80 libbsp_hw.a(elab_usart1.c.obj)
                0x08004b18                USART1_IRQHandler
 .text.acc_calibration_mode_enable
                0x08004b98       0x50 libbsp_hw.a(at32f403a_407_acc.c.obj)
                0x08004b98                acc_calibration_mode_enable
 .text.acc_write_c1
                0x08004be8       0x20 libbsp_hw.a(at32f403a_407_acc.c.obj)
                0x08004be8                acc_write_c1
 .text.acc_write_c2
                0x08004c08       0x20 libbsp_hw.a(at32f403a_407_acc.c.obj)
                0x08004c08                acc_write_c2
 .text.acc_write_c3
                0x08004c28       0x20 libbsp_hw.a(at32f403a_407_acc.c.obj)
                0x08004c28                acc_write_c3
 .text.adc_reset
                0x08004c48       0x74 libbsp_hw.a(at32f403a_407_adc.c.obj)
                0x08004c48                adc_reset
 .text.adc_enable
                0x08004cbc       0x2a libbsp_hw.a(at32f403a_407_adc.c.obj)
                0x08004cbc                adc_enable
 *fill*         0x08004ce6        0x2 
 .text.adc_combine_mode_select
                0x08004ce8       0x2c libbsp_hw.a(at32f403a_407_adc.c.obj)
                0x08004ce8                adc_combine_mode_select
 .text.adc_base_default_para_init
                0x08004d14       0x2c libbsp_hw.a(at32f403a_407_adc.c.obj)
                0x08004d14                adc_base_default_para_init
 .text.adc_base_config
                0x08004d40       0x6a libbsp_hw.a(at32f403a_407_adc.c.obj)
                0x08004d40                adc_base_config
 .text.adc_dma_mode_enable
                0x08004daa       0x2a libbsp_hw.a(at32f403a_407_adc.c.obj)
                0x08004daa                adc_dma_mode_enable
 .text.adc_interrupt_enable
                0x08004dd4       0x42 libbsp_hw.a(at32f403a_407_adc.c.obj)
                0x08004dd4                adc_interrupt_enable
 .text.adc_calibration_init
                0x08004e16       0x1e libbsp_hw.a(at32f403a_407_adc.c.obj)
                0x08004e16                adc_calibration_init
 .text.adc_calibration_init_status_get
                0x08004e34       0x28 libbsp_hw.a(at32f403a_407_adc.c.obj)
                0x08004e34                adc_calibration_init_status_get
 .text.adc_calibration_start
                0x08004e5c       0x1e libbsp_hw.a(at32f403a_407_adc.c.obj)
                0x08004e5c                adc_calibration_start
 .text.adc_calibration_status_get
                0x08004e7a       0x28 libbsp_hw.a(at32f403a_407_adc.c.obj)
                0x08004e7a                adc_calibration_status_get
 .text.adc_ordinary_channel_set
                0x08004ea2      0x178 libbsp_hw.a(at32f403a_407_adc.c.obj)
                0x08004ea2                adc_ordinary_channel_set
 .text.adc_preempt_channel_length_set
                0x0800501a       0x2e libbsp_hw.a(at32f403a_407_adc.c.obj)
                0x0800501a                adc_preempt_channel_length_set
 .text.adc_preempt_channel_set
                0x08005048      0x134 libbsp_hw.a(at32f403a_407_adc.c.obj)
                0x08005048                adc_preempt_channel_set
 .text.adc_ordinary_conversion_trigger_set
                0x0800517c       0x6e libbsp_hw.a(at32f403a_407_adc.c.obj)
                0x0800517c                adc_ordinary_conversion_trigger_set
 .text.adc_preempt_conversion_trigger_set
                0x080051ea       0x6e libbsp_hw.a(at32f403a_407_adc.c.obj)
                0x080051ea                adc_preempt_conversion_trigger_set
 .text.adc_preempt_offset_value_set
                0x08005258       0x8c libbsp_hw.a(at32f403a_407_adc.c.obj)
                0x08005258                adc_preempt_offset_value_set
 .text.adc_ordinary_part_mode_enable
                0x080052e4       0x2a libbsp_hw.a(at32f403a_407_adc.c.obj)
                0x080052e4                adc_ordinary_part_mode_enable
 .text.adc_ordinary_software_trigger_enable
                0x0800530e       0x2a libbsp_hw.a(at32f403a_407_adc.c.obj)
                0x0800530e                adc_ordinary_software_trigger_enable
 .text.adc_interrupt_flag_get
                0x08005338       0xa6 libbsp_hw.a(at32f403a_407_adc.c.obj)
                0x08005338                adc_interrupt_flag_get
 .text.adc_flag_clear
                0x080053de       0x1e libbsp_hw.a(at32f403a_407_adc.c.obj)
                0x080053de                adc_flag_clear
 .text.crm_reset
                0x080053fc       0x6c libbsp_hw.a(at32f403a_407_crm.c.obj)
                0x080053fc                crm_reset
 .text.crm_flag_get
                0x08005468       0x50 libbsp_hw.a(at32f403a_407_crm.c.obj)
                0x08005468                crm_flag_get
 .text.crm_hext_stable_wait
                0x080054b8       0x4a libbsp_hw.a(at32f403a_407_crm.c.obj)
                0x080054b8                crm_hext_stable_wait
 .text.crm_periph_clock_enable
                0x08005502       0x7c libbsp_hw.a(at32f403a_407_crm.c.obj)
                0x08005502                crm_periph_clock_enable
 .text.crm_periph_reset
                0x0800557e       0x7c libbsp_hw.a(at32f403a_407_crm.c.obj)
                0x0800557e                crm_periph_reset
 *fill*         0x080055fa        0x2 
 .text.crm_clock_source_enable
                0x080055fc       0xa8 libbsp_hw.a(at32f403a_407_crm.c.obj)
                0x080055fc                crm_clock_source_enable
 .text.crm_ahb_div_set
                0x080056a4       0x2c libbsp_hw.a(at32f403a_407_crm.c.obj)
                0x080056a4                crm_ahb_div_set
 .text.crm_apb1_div_set
                0x080056d0       0x2c libbsp_hw.a(at32f403a_407_crm.c.obj)
                0x080056d0                crm_apb1_div_set
 .text.crm_apb2_div_set
                0x080056fc       0x2c libbsp_hw.a(at32f403a_407_crm.c.obj)
                0x080056fc                crm_apb2_div_set
 .text.crm_adc_clock_div_set
                0x08005728       0x44 libbsp_hw.a(at32f403a_407_crm.c.obj)
                0x08005728                crm_adc_clock_div_set
 .text.crm_pll_config
                0x0800576c       0x9c libbsp_hw.a(at32f403a_407_crm.c.obj)
                0x0800576c                crm_pll_config
 .text.crm_sysclk_switch
                0x08005808       0x54 libbsp_hw.a(at32f403a_407_crm.c.obj)
                0x08005808                crm_sysclk_switch
 .text.crm_sysclk_switch_status_get
                0x0800585c       0x1c libbsp_hw.a(at32f403a_407_crm.c.obj)
                0x0800585c                crm_sysclk_switch_status_get
 .text.crm_clocks_freq_get
                0x08005878      0x1d4 libbsp_hw.a(at32f403a_407_crm.c.obj)
                0x08005878                crm_clocks_freq_get
 .text.crm_auto_step_mode_enable
                0x08005a4c       0x38 libbsp_hw.a(at32f403a_407_crm.c.obj)
                0x08005a4c                crm_auto_step_mode_enable
 .text.crm_usb_interrupt_remapping_set
                0x08005a84       0x2c libbsp_hw.a(at32f403a_407_crm.c.obj)
                0x08005a84                crm_usb_interrupt_remapping_set
 .text.crm_hick_divider_select
                0x08005ab0       0x2c libbsp_hw.a(at32f403a_407_crm.c.obj)
                0x08005ab0                crm_hick_divider_select
 .text.crm_hick_sclk_frequency_select
                0x08005adc       0x30 libbsp_hw.a(at32f403a_407_crm.c.obj)
                0x08005adc                crm_hick_sclk_frequency_select
 .text.crm_usb_clock_source_select
                0x08005b0c       0x34 libbsp_hw.a(at32f403a_407_crm.c.obj)
                0x08005b0c                crm_usb_clock_source_select
 .text.dma_reset
                0x08005b40       0xac libbsp_hw.a(at32f403a_407_dma.c.obj)
                0x08005b40                dma_reset
 .text.dma_channel_enable
                0x08005bec       0x2a libbsp_hw.a(at32f403a_407_dma.c.obj)
                0x08005bec                dma_channel_enable
 .text.dma_flexible_config
                0x08005c16       0xe0 libbsp_hw.a(at32f403a_407_dma.c.obj)
                0x08005c16                dma_flexible_config
 *fill*         0x08005cf6        0x2 
 .text.dma_flag_clear
                0x08005cf8       0x38 libbsp_hw.a(at32f403a_407_dma.c.obj)
                0x08005cf8                dma_flag_clear
 .text.dma_default_para_init
                0x08005d30       0x50 libbsp_hw.a(at32f403a_407_dma.c.obj)
                0x08005d30                dma_default_para_init
 .text.dma_init
                0x08005d80       0xc4 libbsp_hw.a(at32f403a_407_dma.c.obj)
                0x08005d80                dma_init
 .text.gpio_init
                0x08005e44      0x136 libbsp_hw.a(at32f403a_407_gpio.c.obj)
                0x08005e44                gpio_init
 .text.gpio_default_para_init
                0x08005f7a       0x34 libbsp_hw.a(at32f403a_407_gpio.c.obj)
                0x08005f7a                gpio_default_para_init
 .text.gpio_input_data_bit_read
                0x08005fae       0x36 libbsp_hw.a(at32f403a_407_gpio.c.obj)
                0x08005fae                gpio_input_data_bit_read
 .text.gpio_bits_set
                0x08005fe4       0x1e libbsp_hw.a(at32f403a_407_gpio.c.obj)
                0x08005fe4                gpio_bits_set
 .text.gpio_bits_reset
                0x08006002       0x1e libbsp_hw.a(at32f403a_407_gpio.c.obj)
                0x08006002                gpio_bits_reset
 .text.gpio_bits_write
                0x08006020       0x30 libbsp_hw.a(at32f403a_407_gpio.c.obj)
                0x08006020                gpio_bits_write
 .text.gpio_pin_remap_config
                0x08006050       0x98 libbsp_hw.a(at32f403a_407_gpio.c.obj)
                0x08006050                gpio_pin_remap_config
 .text.__NVIC_SetPriorityGrouping
                0x080060e8       0x48 libbsp_hw.a(at32f403a_407_misc.c.obj)
 .text.__NVIC_GetPriorityGrouping
                0x08006130       0x1c libbsp_hw.a(at32f403a_407_misc.c.obj)
 .text.__NVIC_EnableIRQ
                0x0800614c       0x3c libbsp_hw.a(at32f403a_407_misc.c.obj)
 .text.__NVIC_SetPriority
                0x08006188       0x54 libbsp_hw.a(at32f403a_407_misc.c.obj)
 .text.NVIC_EncodePriority
                0x080061dc       0x66 libbsp_hw.a(at32f403a_407_misc.c.obj)
 .text.nvic_irq_enable
                0x08006242       0x42 libbsp_hw.a(at32f403a_407_misc.c.obj)
                0x08006242                nvic_irq_enable
 .text.nvic_priority_group_config
                0x08006284       0x1a libbsp_hw.a(at32f403a_407_misc.c.obj)
                0x08006284                nvic_priority_group_config
 *fill*         0x0800629e        0x2 
 .text.systick_clock_source_config
                0x080062a0       0x3c libbsp_hw.a(at32f403a_407_misc.c.obj)
                0x080062a0                systick_clock_source_config
 .text.spi_default_para_init
                0x080062dc       0x44 libbsp_hw.a(at32f403a_407_spi.c.obj)
                0x080062dc                spi_default_para_init
 .text.spi_init
                0x08006320      0x1a2 libbsp_hw.a(at32f403a_407_spi.c.obj)
                0x08006320                spi_init
 .text.spi_enable
                0x080064c2       0x2a libbsp_hw.a(at32f403a_407_spi.c.obj)
                0x080064c2                spi_enable
 .text.spi_i2s_data_transmit
                0x080064ec       0x1e libbsp_hw.a(at32f403a_407_spi.c.obj)
                0x080064ec                spi_i2s_data_transmit
 .text.spi_i2s_data_receive
                0x0800650a       0x1a libbsp_hw.a(at32f403a_407_spi.c.obj)
                0x0800650a                spi_i2s_data_receive
 .text.spi_i2s_flag_get
                0x08006524       0x32 libbsp_hw.a(at32f403a_407_spi.c.obj)
                0x08006524                spi_i2s_flag_get
 .text.tmr_counter_enable
                0x08006556       0x2a libbsp_hw.a(at32f403a_407_tmr.c.obj)
                0x08006556                tmr_counter_enable
 .text.tmr_base_init
                0x08006580       0x2e libbsp_hw.a(at32f403a_407_tmr.c.obj)
                0x08006580                tmr_base_init
 .text.tmr_clock_source_div_set
                0x080065ae       0x2a libbsp_hw.a(at32f403a_407_tmr.c.obj)
                0x080065ae                tmr_clock_source_div_set
 .text.tmr_cnt_dir_set
                0x080065d8       0x2a libbsp_hw.a(at32f403a_407_tmr.c.obj)
                0x080065d8                tmr_cnt_dir_set
 .text.tmr_repetition_counter_set
                0x08006602       0x24 libbsp_hw.a(at32f403a_407_tmr.c.obj)
                0x08006602                tmr_repetition_counter_set
 *fill*         0x08006626        0x2 
 .text.tmr_output_channel_config
                0x08006628      0x228 libbsp_hw.a(at32f403a_407_tmr.c.obj)
                0x08006628                tmr_output_channel_config
 .text.tmr_channel_value_set
                0x08006850       0x6c libbsp_hw.a(at32f403a_407_tmr.c.obj)
                0x08006850                tmr_channel_value_set
 .text.tmr_period_buffer_enable
                0x080068bc       0x2a libbsp_hw.a(at32f403a_407_tmr.c.obj)
                0x080068bc                tmr_period_buffer_enable
 *fill*         0x080068e6        0x2 
 .text.tmr_output_channel_buffer_enable
                0x080068e8       0x9c libbsp_hw.a(at32f403a_407_tmr.c.obj)
                0x080068e8                tmr_output_channel_buffer_enable
 .text.tmr_output_channel_immediately_set
                0x08006984       0x9c libbsp_hw.a(at32f403a_407_tmr.c.obj)
                0x08006984                tmr_output_channel_immediately_set
 .text.tmr_overflow_request_source_set
                0x08006a20       0x2a libbsp_hw.a(at32f403a_407_tmr.c.obj)
                0x08006a20                tmr_overflow_request_source_set
 .text.tmr_primary_mode_select
                0x08006a4a       0x2a libbsp_hw.a(at32f403a_407_tmr.c.obj)
                0x08006a4a                tmr_primary_mode_select
 .text.tmr_sub_sync_mode_set
                0x08006a74       0x2a libbsp_hw.a(at32f403a_407_tmr.c.obj)
                0x08006a74                tmr_sub_sync_mode_set
 .text.tmr_interrupt_enable
                0x08006a9e       0x42 libbsp_hw.a(at32f403a_407_tmr.c.obj)
                0x08006a9e                tmr_interrupt_enable
 .text.tmr_interrupt_flag_get
                0x08006ae0       0x3e libbsp_hw.a(at32f403a_407_tmr.c.obj)
                0x08006ae0                tmr_interrupt_flag_get
 .text.tmr_flag_clear
                0x08006b1e       0x1e libbsp_hw.a(at32f403a_407_tmr.c.obj)
                0x08006b1e                tmr_flag_clear
 .text.tmr_output_enable
                0x08006b3c       0x2a libbsp_hw.a(at32f403a_407_tmr.c.obj)
                0x08006b3c                tmr_output_enable
 .text.tmr_brkdt_config
                0x08006b66       0x9c libbsp_hw.a(at32f403a_407_tmr.c.obj)
                0x08006b66                tmr_brkdt_config
 *fill*         0x08006c02        0x2 
 .text.usart_init
                0x08006c04       0xe0 libbsp_hw.a(at32f403a_407_usart.c.obj)
                0x08006c04                usart_init
 .text.usart_enable
                0x08006ce4       0x2a libbsp_hw.a(at32f403a_407_usart.c.obj)
                0x08006ce4                usart_enable
 .text.usart_transmitter_enable
                0x08006d0e       0x2a libbsp_hw.a(at32f403a_407_usart.c.obj)
                0x08006d0e                usart_transmitter_enable
 .text.usart_receiver_enable
                0x08006d38       0x2a libbsp_hw.a(at32f403a_407_usart.c.obj)
                0x08006d38                usart_receiver_enable
 .text.usart_interrupt_enable
                0x08006d62       0x68 libbsp_hw.a(at32f403a_407_usart.c.obj)
                0x08006d62                usart_interrupt_enable
 .text.usart_dma_transmitter_enable
                0x08006dca       0x2a libbsp_hw.a(at32f403a_407_usart.c.obj)
                0x08006dca                usart_dma_transmitter_enable
 .text.usart_dma_receiver_enable
                0x08006df4       0x2a libbsp_hw.a(at32f403a_407_usart.c.obj)
                0x08006df4                usart_dma_receiver_enable
 *fill*         0x08006e1e        0x2 
 .text.usart_interrupt_flag_get
                0x08006e20      0x1ac libbsp_hw.a(at32f403a_407_usart.c.obj)
                0x08006e20                usart_interrupt_flag_get
 .text.usart_flag_clear
                0x08006fcc       0x32 libbsp_hw.a(at32f403a_407_usart.c.obj)
                0x08006fcc                usart_flag_clear
 .text.usb_dev_init
                0x08006ffe       0x38 libbsp_hw.a(at32f403a_407_usb.c.obj)
                0x08006ffe                usb_dev_init
 .text.usb_connect
                0x08007036       0x28 libbsp_hw.a(at32f403a_407_usb.c.obj)
                0x08007036                usb_connect
 *fill*         0x0800705e        0x2 
 .text.usb_ept_open
                0x08007060      0x5f8 libbsp_hw.a(at32f403a_407_usb.c.obj)
                0x08007060                usb_ept_open
 .text.usb_ept_close
                0x08007658      0x23c libbsp_hw.a(at32f403a_407_usb.c.obj)
                0x08007658                usb_ept_close
 .text.usb_write_packet
                0x08007894       0x6c libbsp_hw.a(at32f403a_407_usb.c.obj)
                0x08007894                usb_write_packet
 .text.usb_read_packet
                0x08007900       0x6c libbsp_hw.a(at32f403a_407_usb.c.obj)
                0x08007900                usb_read_packet
 .text.usb_interrupt_enable
                0x0800796c       0x3e libbsp_hw.a(at32f403a_407_usb.c.obj)
                0x0800796c                usb_interrupt_enable
 .text.usb_set_address
                0x080079aa       0x34 libbsp_hw.a(at32f403a_407_usb.c.obj)
                0x080079aa                usb_set_address
 .text.usb_enter_suspend
                0x080079de       0x28 libbsp_hw.a(at32f403a_407_usb.c.obj)
                0x080079de                usb_enter_suspend
 .text.usb_exit_suspend
                0x08007a06       0x28 libbsp_hw.a(at32f403a_407_usb.c.obj)
                0x08007a06                usb_exit_suspend
 *fill*         0x08007a2e        0x2 
 .text.usb_buffer_malloc
                0x08007a30       0x30 libbsp_hw.a(at32f403a_407_usb.c.obj)
                0x08007a30                usb_buffer_malloc
 .text.usb_buffer_free
                0x08007a60       0x18 libbsp_hw.a(at32f403a_407_usb.c.obj)
                0x08007a60                usb_buffer_free
 .text.usb_flag_clear
                0x08007a78       0x22 libbsp_hw.a(at32f403a_407_usb.c.obj)
                0x08007a78                usb_flag_clear
 .text.NMI_Handler
                0x08007a9a        0xe libbsp_hw.a(at32f403a_407_int.c.obj)
                0x08007a9a                NMI_Handler
 .text.HardFault_Handler
                0x08007aa8        0x8 libbsp_hw.a(at32f403a_407_int.c.obj)
                0x08007aa8                HardFault_Handler
 .text.MemManage_Handler
                0x08007ab0        0x8 libbsp_hw.a(at32f403a_407_int.c.obj)
                0x08007ab0                MemManage_Handler
 .text.BusFault_Handler
                0x08007ab8        0x8 libbsp_hw.a(at32f403a_407_int.c.obj)
                0x08007ab8                BusFault_Handler
 .text.UsageFault_Handler
                0x08007ac0        0x8 libbsp_hw.a(at32f403a_407_int.c.obj)
                0x08007ac0                UsageFault_Handler
 .text.SVC_Handler
                0x08007ac8        0xe libbsp_hw.a(at32f403a_407_int.c.obj)
                0x08007ac8                SVC_Handler
 .text.DebugMon_Handler
                0x08007ad6        0xe libbsp_hw.a(at32f403a_407_int.c.obj)
                0x08007ad6                DebugMon_Handler
 .text.PendSV_Handler
                0x08007ae4        0xe libbsp_hw.a(at32f403a_407_int.c.obj)
                0x08007ae4                PendSV_Handler
 .text.SysTick_Handler
                0x08007af2       0x10 libbsp_hw.a(at32f403a_407_int.c.obj)
                0x08007af2                SysTick_Handler
 *fill*         0x08007b02        0x2 
 .text.ADC1_2_IRQHandler
                0x08007b04       0xb8 libbsp_hw.a(at32f403a_407_int.c.obj)
                0x08007b04                ADC1_2_IRQHandler
 .text.TMR6_GLOBAL_IRQHandler
                0x08007bbc       0x24 libbsp_hw.a(at32f403a_407_int.c.obj)
                0x08007bbc                TMR6_GLOBAL_IRQHandler
 .text.ACC_IRQHandler
                0x08007be0        0xe libbsp_hw.a(at32f403a_407_int.c.obj)
                0x08007be0                ACC_IRQHandler
 .text.USBFS_MAPL_IRQHandler
                0x08007bee        0xc libbsp_hw.a(at32f403a_407_int.c.obj)
                0x08007bee                USBFS_MAPL_IRQHandler
 *fill*         0x08007bfa        0x2 
 .text.__NVIC_GetPriorityGrouping
                0x08007bfc       0x1c libbsp_hw.a(at32f403a_407_wk_config.c.obj)
 .text.__NVIC_SetPriority
                0x08007c18       0x54 libbsp_hw.a(at32f403a_407_wk_config.c.obj)
 .text.NVIC_EncodePriority
                0x08007c6c       0x66 libbsp_hw.a(at32f403a_407_wk_config.c.obj)
 *fill*         0x08007cd2        0x2 
 .text.wk_system_clock_config
                0x08007cd4       0xa4 libbsp_hw.a(at32f403a_407_wk_config.c.obj)
                0x08007cd4                wk_system_clock_config
 .text.wk_periph_clock_config
                0x08007d78       0xe8 libbsp_hw.a(at32f403a_407_wk_config.c.obj)
                0x08007d78                wk_periph_clock_config
 .text.wk_nvic_config
                0x08007e60      0x104 libbsp_hw.a(at32f403a_407_wk_config.c.obj)
                0x08007e60                wk_nvic_config
 .text.class_init_handler
                0x08007f64       0x5a libbsp_hw.a(cdc_class.c.obj)
 .text.class_clear_handler
                0x08007fbe       0x32 libbsp_hw.a(cdc_class.c.obj)
 .text.class_setup_handler
                0x08007ff0      0x110 libbsp_hw.a(cdc_class.c.obj)
 .text.class_ept0_tx_handler
                0x08008100       0x1a libbsp_hw.a(cdc_class.c.obj)
 .text.class_ept0_rx_handler
                0x0800811a       0x4c libbsp_hw.a(cdc_class.c.obj)
 .text.class_in_handler
                0x08008166       0x32 libbsp_hw.a(cdc_class.c.obj)
 .text.class_out_handler
                0x08008198       0x42 libbsp_hw.a(cdc_class.c.obj)
 .text.class_sof_handler
                0x080081da       0x1a libbsp_hw.a(cdc_class.c.obj)
 .text.class_event_handler
                0x080081f4       0x40 libbsp_hw.a(cdc_class.c.obj)
 .text.cdc_struct_init
                0x08008234       0x58 libbsp_hw.a(cdc_class.c.obj)
 .text.usb_vcp_get_rxdata
                0x0800828c       0x7e libbsp_hw.a(cdc_class.c.obj)
                0x0800828c                usb_vcp_get_rxdata
 .text.usb_vcp_send_data
                0x0800830a       0x4e libbsp_hw.a(cdc_class.c.obj)
                0x0800830a                usb_vcp_send_data
 .text.usb_vcp_cmd_process
                0x08008358       0xdc libbsp_hw.a(cdc_class.c.obj)
 .text.usbd_unicode_convert
                0x08008434       0x74 libbsp_hw.a(cdc_desc.c.obj)
 .text.usbd_int_to_unicode
                0x080084a8       0x7e libbsp_hw.a(cdc_desc.c.obj)
 *fill*         0x08008526        0x2 
 .text.get_serial_num
                0x08008528       0x58 libbsp_hw.a(cdc_desc.c.obj)
 .text.get_device_descriptor
                0x08008580       0x14 libbsp_hw.a(cdc_desc.c.obj)
 .text.get_device_qualifier
                0x08008594       0x10 libbsp_hw.a(cdc_desc.c.obj)
 .text.get_device_configuration
                0x080085a4       0x14 libbsp_hw.a(cdc_desc.c.obj)
 .text.get_device_other_speed
                0x080085b8       0x10 libbsp_hw.a(cdc_desc.c.obj)
 .text.get_device_lang_id
                0x080085c8       0x14 libbsp_hw.a(cdc_desc.c.obj)
 .text.get_device_manufacturer_string
                0x080085dc       0x2c libbsp_hw.a(cdc_desc.c.obj)
 .text.get_device_product_string
                0x08008608       0x2c libbsp_hw.a(cdc_desc.c.obj)
 .text.get_device_serial_string
                0x08008634       0x14 libbsp_hw.a(cdc_desc.c.obj)
 .text.get_device_interface_string
                0x08008648       0x2c libbsp_hw.a(cdc_desc.c.obj)
 .text.get_device_config_string
                0x08008674       0x2c libbsp_hw.a(cdc_desc.c.obj)
 .text.QF_crit_entry_
                0x080086a0       0x12 libbsp_hw.a(main.c.obj)
                0x080086a0                QF_crit_entry_
 .text.QF_crit_exit_
                0x080086b2       0x12 libbsp_hw.a(main.c.obj)
                0x080086b2                QF_crit_exit_
 .text.QV_onIdle
                0x080086c4        0xc libbsp_hw.a(main.c.obj)
                0x080086c4                QV_onIdle
 .text.main     0x080086d0       0xe0 libbsp_hw.a(main.c.obj)
                0x080086d0                main
 .text._read    0x080087b0       0x3a libbsp_hw.a(syscalls.c.obj)
                0x080087b0                _read
 .text._write   0x080087ea       0x38 libbsp_hw.a(syscalls.c.obj)
                0x080087ea                _write
 .text._close   0x08008822       0x18 libbsp_hw.a(syscalls.c.obj)
                0x08008822                _close
 .text._fstat   0x0800883a       0x20 libbsp_hw.a(syscalls.c.obj)
                0x0800883a                _fstat
 .text._isatty  0x0800885a       0x16 libbsp_hw.a(syscalls.c.obj)
                0x0800885a                _isatty
 .text._lseek   0x08008870       0x1a libbsp_hw.a(syscalls.c.obj)
                0x08008870                _lseek
 *fill*         0x0800888a        0x2 
 .text._sbrk    0x0800888c       0x6c libbsp_hw.a(sysmem.c.obj)
                0x0800888c                _sbrk
 .text.wk_usb_app_init
                0x080088f8       0x34 libbsp_hw.a(usb_app.c.obj)
                0x080088f8                wk_usb_app_init
 .text.wk_usb_app_task
                0x0800892c       0x7c libbsp_hw.a(usb_app.c.obj)
                0x0800892c                wk_usb_app_task
 .text.wk_usbfs_irq_handler
                0x080089a8       0x14 libbsp_hw.a(usb_app.c.obj)
                0x080089a8                wk_usbfs_irq_handler
 .text.wk_acc_init
                0x080089bc       0x28 libbsp_hw.a(wk_acc.c.obj)
                0x080089bc                wk_acc_init
 .text.wk_adc1_init
                0x080089e4       0xf8 libbsp_hw.a(wk_adc.c.obj)
                0x080089e4                wk_adc1_init
 .text.wk_adc2_init
                0x08008adc       0xe8 libbsp_hw.a(wk_adc.c.obj)
                0x08008adc                wk_adc2_init
 .text.wk_adc3_init
                0x08008bc4       0xfc libbsp_hw.a(wk_adc.c.obj)
                0x08008bc4                wk_adc3_init
 .text.wk_debug_config
                0x08008cc0       0x14 libbsp_hw.a(wk_debug.c.obj)
                0x08008cc0                wk_debug_config
 .text.wk_dma2_channel5_init
                0x08008cd4       0x54 libbsp_hw.a(wk_dma.c.obj)
                0x08008cd4                wk_dma2_channel5_init
 .text.wk_dma_channel_config
                0x08008d28       0x2c libbsp_hw.a(wk_dma.c.obj)
                0x08008d28                wk_dma_channel_config
 .text.wk_gpio_config
                0x08008d54       0xe4 libbsp_hw.a(wk_gpio.c.obj)
                0x08008d54                wk_gpio_config
 .text.wk_spi1_init
                0x08008e38       0xc8 libbsp_hw.a(wk_spi.c.obj)
                0x08008e38                wk_spi1_init
 .text.wk_spi3_init
                0x08008f00       0xcc libbsp_hw.a(wk_spi.c.obj)
                0x08008f00                wk_spi3_init
 .text.wk_timebase_increase
                0x08008fcc       0x1c libbsp_hw.a(wk_system.c.obj)
                0x08008fcc                wk_timebase_increase
 .text.wk_timebase_init
                0x08008fe8       0x50 libbsp_hw.a(wk_system.c.obj)
                0x08008fe8                wk_timebase_init
 .text.wk_timebase_handler
                0x08009038        0xc libbsp_hw.a(wk_system.c.obj)
                0x08009038                wk_timebase_handler
 .text.wk_tmr1_init
                0x08009044      0x244 libbsp_hw.a(wk_tmr.c.obj)
                0x08009044                wk_tmr1_init
 .text.wk_tmr6_init
                0x08009288       0x4c libbsp_hw.a(wk_tmr.c.obj)
                0x08009288                wk_tmr6_init
 .text.wk_tmr8_init
                0x080092d4      0x234 libbsp_hw.a(wk_tmr.c.obj)
                0x080092d4                wk_tmr8_init
 .text.wk_usbfs_init
                0x08009508       0x14 libbsp_hw.a(wk_usbfs.c.obj)
                0x08009508                wk_usbfs_init
 .text.usbd_core_in_handler
                0x0800951c      0x100 libbsp_hw.a(usbd_core.c.obj)
                0x0800951c                usbd_core_in_handler
 .text.usbd_core_out_handler
                0x0800961c       0xb2 libbsp_hw.a(usbd_core.c.obj)
                0x0800961c                usbd_core_out_handler
 .text.usbd_core_setup_handler
                0x080096ce       0x72 libbsp_hw.a(usbd_core.c.obj)
                0x080096ce                usbd_core_setup_handler
 .text.usbd_ctrl_send
                0x08009740       0x3c libbsp_hw.a(usbd_core.c.obj)
                0x08009740                usbd_ctrl_send
 .text.usbd_ctrl_recv
                0x0800977c       0x3e libbsp_hw.a(usbd_core.c.obj)
                0x0800977c                usbd_ctrl_recv
 .text.usbd_ctrl_send_status
                0x080097ba       0x24 libbsp_hw.a(usbd_core.c.obj)
                0x080097ba                usbd_ctrl_send_status
 .text.usbd_ctrl_recv_status
                0x080097de       0x24 libbsp_hw.a(usbd_core.c.obj)
                0x080097de                usbd_ctrl_recv_status
 *fill*         0x08009802        0x2 
 .text.usbd_clear_stall
                0x08009804       0xdc libbsp_hw.a(usbd_core.c.obj)
                0x08009804                usbd_clear_stall
 .text.usbd_set_stall
                0x080098e0       0xac libbsp_hw.a(usbd_core.c.obj)
                0x080098e0                usbd_set_stall
 .text.usbd_ctrl_unsupport
                0x0800998c       0x20 libbsp_hw.a(usbd_core.c.obj)
                0x0800998c                usbd_ctrl_unsupport
 .text.usbd_ept_send
                0x080099ac      0x190 libbsp_hw.a(usbd_core.c.obj)
                0x080099ac                usbd_ept_send
 .text.usbd_ept_recv
                0x08009b3c       0xb4 libbsp_hw.a(usbd_core.c.obj)
                0x08009b3c                usbd_ept_recv
 .text.usbd_get_recv_len
                0x08009bf0       0x30 libbsp_hw.a(usbd_core.c.obj)
                0x08009bf0                usbd_get_recv_len
 .text.usbd_ept_buf_auto_define
                0x08009c20       0x8c libbsp_hw.a(usbd_core.c.obj)
                0x08009c20                usbd_ept_buf_auto_define
 .text.usbd_ept_open
                0x08009cac       0x88 libbsp_hw.a(usbd_core.c.obj)
                0x08009cac                usbd_ept_open
 .text.usbd_ept_close
                0x08009d34       0x50 libbsp_hw.a(usbd_core.c.obj)
                0x08009d34                usbd_ept_close
 .text.usbd_connect
                0x08009d84       0x1a libbsp_hw.a(usbd_core.c.obj)
                0x08009d84                usbd_connect
 .text.usbd_enter_suspend
                0x08009d9e       0x1a libbsp_hw.a(usbd_core.c.obj)
                0x08009d9e                usbd_enter_suspend
 .text.usbd_ept_defaut_init
                0x08009db8      0x12c libbsp_hw.a(usbd_core.c.obj)
                0x08009db8                usbd_ept_defaut_init
 .text.usbd_core_init
                0x08009ee4       0x40 libbsp_hw.a(usbd_core.c.obj)
                0x08009ee4                usbd_core_init
 .text.usbd_irq_handler
                0x08009f24       0xd6 libbsp_hw.a(usbd_int.c.obj)
                0x08009f24                usbd_irq_handler
 *fill*         0x08009ffa        0x2 
 .text.usbd_eptn_handler
                0x08009ffc      0x280 libbsp_hw.a(usbd_int.c.obj)
                0x08009ffc                usbd_eptn_handler
 .text.usbd_ept_loop_handler
                0x0800a27c       0x42 libbsp_hw.a(usbd_int.c.obj)
                0x0800a27c                usbd_ept_loop_handler
 .text.usbd_reset_handler
                0x0800a2be       0x5c libbsp_hw.a(usbd_int.c.obj)
                0x0800a2be                usbd_reset_handler
 .text.usbd_sof_handler
                0x0800a31a       0x24 libbsp_hw.a(usbd_int.c.obj)
                0x0800a31a                usbd_sof_handler
 .text.usbd_suspend_handler
                0x0800a33e       0x40 libbsp_hw.a(usbd_int.c.obj)
                0x0800a33e                usbd_suspend_handler
 .text.usbd_wakeup_handler
                0x0800a37e       0x3c libbsp_hw.a(usbd_int.c.obj)
                0x0800a37e                usbd_wakeup_handler
 .text.usbd_setup_request_parse
                0x0800a3ba       0x74 libbsp_hw.a(usbd_sdr.c.obj)
                0x0800a3ba                usbd_setup_request_parse
 *fill*         0x0800a42e        0x2 
 .text.usbd_get_descriptor
                0x0800a430      0x164 libbsp_hw.a(usbd_sdr.c.obj)
 .text.usbd_set_address
                0x0800a594       0x7a libbsp_hw.a(usbd_sdr.c.obj)
 .text.usbd_get_status
                0x0800a60e       0x58 libbsp_hw.a(usbd_sdr.c.obj)
 .text.usbd_clear_feature
                0x0800a666       0x70 libbsp_hw.a(usbd_sdr.c.obj)
 .text.usbd_set_feature
                0x0800a6d6       0x4e libbsp_hw.a(usbd_sdr.c.obj)
 .text.usbd_get_configuration
                0x0800a724       0x72 libbsp_hw.a(usbd_sdr.c.obj)
 *fill*         0x0800a796        0x2 
 .text.usbd_set_configuration
                0x0800a798       0xf8 libbsp_hw.a(usbd_sdr.c.obj)
 .text.usbd_device_request
                0x0800a890       0xbc libbsp_hw.a(usbd_sdr.c.obj)
                0x0800a890                usbd_device_request
 .text.usbd_interface_request
                0x0800a94c       0x60 libbsp_hw.a(usbd_sdr.c.obj)
                0x0800a94c                usbd_interface_request
 .text.usbd_endpoint_request
                0x0800a9ac      0x20c libbsp_hw.a(usbd_sdr.c.obj)
                0x0800a9ac                usbd_endpoint_request
 .text.SystemInit
                0x0800abb8       0x88 libbsp_hw.a(system_at32f403a_407.c.obj)
                0x0800abb8                SystemInit
 .text.system_core_clock_update
                0x0800ac40      0x150 libbsp_hw.a(system_at32f403a_407.c.obj)
                0x0800ac40                system_core_clock_update
 .text.QF_int_disable_
                0x0800ad90       0x24 libbsp_hw.a(qv_port.c.obj)
                0x0800ad90                QF_int_disable_
 .text.QF_int_enable_
                0x0800adb4       0x24 libbsp_hw.a(qv_port.c.obj)
                0x0800adb4                QF_int_enable_
 .text.QV_init  0x0800add8       0x68 libbsp_hw.a(qv_port.c.obj)
                0x0800add8                QV_init
 .text.QPSet_notEmpty
                0x0800ae40       0x22 libbsp_hw.a(qv.c.obj)
 .text.QPSet_remove
                0x0800ae62       0x2c libbsp_hw.a(qv.c.obj)
 .text.QPSet_findMax
                0x0800ae8e       0x20 libbsp_hw.a(qv.c.obj)
 .text.QPSet_update_
                0x0800aeae       0x20 libbsp_hw.a(qv.c.obj)
 .text.QPSet_verify_
                0x0800aece       0x2a libbsp_hw.a(qv.c.obj)
 .text.QF_init  0x0800aef8       0x78 libbsp_hw.a(qv.c.obj)
                0x0800aef8                QF_init
 .text.QF_run   0x0800af70       0xcc libbsp_hw.a(qv.c.obj)
                0x0800af70                QF_run
 .text.QActive_start_
                0x0800b03c       0x68 libbsp_hw.a(qv.c.obj)
                0x0800b03c                QActive_start_
 .text.elab_device_register
                0x0800b0a4       0x80 libelab_vfs.a(elab_device.c.obj)
                0x0800b0a4                elab_device_register
 .text.elab_device_find
                0x0800b124       0x90 libelab_vfs.a(elab_device.c.obj)
                0x0800b124                elab_device_find
 .text.elab_device_is_test_mode
                0x0800b1b4       0x22 libelab_vfs.a(elab_device.c.obj)
                0x0800b1b4                elab_device_is_test_mode
 *fill*         0x0800b1d6        0x2 
 .text.__device_mutex_lock
                0x0800b1d8       0x38 libelab_vfs.a(elab_device.c.obj)
                0x0800b1d8                __device_mutex_lock
 .text.__device_enable
                0x0800b210      0x104 libelab_vfs.a(elab_device.c.obj)
                0x0800b210                __device_enable
 .text.elab_device_write
                0x0800b314       0x7c libelab_vfs.a(elab_device.c.obj)
                0x0800b314                elab_device_write
 .text._add_device
                0x0800b390       0x64 libelab_vfs.a(elab_device.c.obj)
 .text.module_null_init
                0x0800b3f4        0xe libelab_vfs.a(elab_device.c.obj)
 *fill*         0x0800b402        0x2 
 .text._get_init_export_table
                0x0800b404       0xc8 libelab_vfs.a(elab_device.c.obj)
 .text._init_func_execute
                0x0800b4cc       0x80 libelab_vfs.a(elab_device.c.obj)
 .text.eLab_InitAll
                0x0800b54c       0x3c libelab_vfs.a(elab_device.c.obj)
                0x0800b54c                eLab_InitAll
 .text.QF_psInit
                0x0800b588       0x1a libapp_core.a(app_main.c.obj)
 .text.On_ESP32_Data_Received
                0x0800b5a2       0x1e libapp_core.a(app_main.c.obj)
 .text.Protocol_Parse_App_String
                0x0800b5c0      0x2bc libapp_core.a(app_main.c.obj)
                0x0800b5c0                Protocol_Parse_App_String
 .text.On_System_Key_Event
                0x0800b87c       0x50 libapp_core.a(app_main.c.obj)
 .text.System_Link_Devices
                0x0800b8cc       0x84 libapp_core.a(app_main.c.obj)
                0x0800b8cc                System_Link_Devices
 .text.App_System_Start
                0x0800b950       0x70 libapp_core.a(app_main.c.obj)
                0x0800b950                App_System_Start
 .text.QF_onStartup
                0x0800b9c0        0xc libapp_core.a(app_main.c.obj)
                0x0800b9c0                QF_onStartup
 .text.QF_onClockTick
                0x0800b9cc       0x34 libapp_core.a(app_main.c.obj)
                0x0800b9cc                QF_onClockTick
 .text.Blinky_ctor
                0x0800ba00       0x54 libapp_core.a(sm_blinky.c.obj)
                0x0800ba00                Blinky_ctor
 .text.Blinky_initial
                0x0800ba54       0x64 libapp_core.a(sm_blinky.c.obj)
 .text.Blinky_active
                0x0800bab8      0x1e4 libapp_core.a(sm_blinky.c.obj)
 .text.QEvt_verify_
                0x0800bc9c       0x32 libapp_core.a(qep_hsm.c.obj)
 *fill*         0x0800bcce        0x2 
 .text.QHsm_ctor
                0x0800bcd0       0x30 libapp_core.a(qep_hsm.c.obj)
                0x0800bcd0                QHsm_ctor
 .text.QHsm_init_
                0x0800bd00      0x154 libapp_core.a(qep_hsm.c.obj)
                0x0800bd00                QHsm_init_
 .text.QHsm_dispatch_
                0x0800be54      0x218 libapp_core.a(qep_hsm.c.obj)
                0x0800be54                QHsm_dispatch_
 .text.QHsm_isIn_
                0x0800c06c       0xa4 libapp_core.a(qep_hsm.c.obj)
                0x0800c06c                QHsm_isIn_
 .text.QHsm_tran_
                0x0800c110      0x208 libapp_core.a(qep_hsm.c.obj)
                0x0800c110                QHsm_tran_
 .text.QHsm_top
                0x0800c318       0x18 libapp_core.a(qep_hsm.c.obj)
                0x0800c318                QHsm_top
 .text.QF_bzero_
                0x0800c330       0x3a libapp_core.a(qf_act.c.obj)
                0x0800c330                QF_bzero_
 .text.QEvt_verify_
                0x0800c36a       0x32 libapp_core.a(qf_actq.c.obj)
 .text.QEvt_getPoolNum_
                0x0800c39c       0x1c libapp_core.a(qf_actq.c.obj)
 .text.QPSet_insert
                0x0800c3b8       0x2a libapp_core.a(qf_actq.c.obj)
 .text.QPSet_update_
                0x0800c3e2       0x20 libapp_core.a(qf_actq.c.obj)
 .text.QEvt_refCtr_inc_
                0x0800c402       0x22 libapp_core.a(qf_actq.c.obj)
 .text.QActive_post_
                0x0800c424      0x12c libapp_core.a(qf_actq.c.obj)
                0x0800c424                QActive_post_
 .text.QActive_get_
                0x0800c550       0xa4 libapp_core.a(qf_actq.c.obj)
                0x0800c550                QActive_get_
 .text.QEvt_verify_
                0x0800c5f4       0x32 libapp_core.a(qf_dyn.c.obj)
 .text.QEvt_getPoolNum_
                0x0800c626       0x1c libapp_core.a(qf_dyn.c.obj)
 .text.QEvt_refCtr_dec_
                0x0800c642       0x22 libapp_core.a(qf_dyn.c.obj)
 .text.QF_poolInit
                0x0800c664       0x84 libapp_core.a(qf_dyn.c.obj)
                0x0800c664                QF_poolInit
 .text.QF_newX_
                0x0800c6e8       0xe0 libapp_core.a(qf_dyn.c.obj)
                0x0800c6e8                QF_newX_
 .text.QF_gc    0x0800c7c8       0x94 libapp_core.a(qf_dyn.c.obj)
                0x0800c7c8                QF_gc
 .text.QMPool_init
                0x0800c85c      0x108 libapp_core.a(qf_mem.c.obj)
                0x0800c85c                QMPool_init
 .text.QMPool_get
                0x0800c964       0xd4 libapp_core.a(qf_mem.c.obj)
                0x0800c964                QMPool_get
 .text.QMPool_put
                0x0800ca38       0x74 libapp_core.a(qf_mem.c.obj)
                0x0800ca38                QMPool_put
 .text.QPSet_setEmpty
                0x0800caac       0x1a libapp_core.a(qf_ps.c.obj)
 .text.QPSet_update_
                0x0800cac6       0x20 libapp_core.a(qf_ps.c.obj)
 *fill*         0x0800cae6        0x2 
 .text.QActive_psInit
                0x0800cae8       0x64 libapp_core.a(qf_ps.c.obj)
                0x0800cae8                QActive_psInit
 .text.QActive_ctor
                0x0800cb4c       0x2c libapp_core.a(qf_qact.c.obj)
                0x0800cb4c                QActive_ctor
 .text.QActive_register_
                0x0800cb78      0x118 libapp_core.a(qf_qact.c.obj)
                0x0800cb78                QActive_register_
 .text.QEQueue_init
                0x0800cc90       0x54 libapp_core.a(qf_qeq.c.obj)
                0x0800cc90                QEQueue_init
 .text.QEvt_verify_
                0x0800cce4       0x32 libapp_core.a(qf_time.c.obj)
 *fill*         0x0800cd16        0x2 
 .text.QTimeEvt_ctorX
                0x0800cd18       0x68 libapp_core.a(qf_time.c.obj)
                0x0800cd18                QTimeEvt_ctorX
 .text.QTimeEvt_armX
                0x0800cd80       0xb4 libapp_core.a(qf_time.c.obj)
                0x0800cd80                QTimeEvt_armX
 .text.QTimeEvt_tick_
                0x0800ce34      0x170 libapp_core.a(qf_time.c.obj)
                0x0800ce34                QTimeEvt_tick_
 *(.glue_7)
 .glue_7        0x0800cfa4        0x0 linker stubs
 *(.glue_7t)
 .glue_7t       0x0800cfa4        0x0 linker stubs
 *(.eh_frame)
 .eh_frame      0x0800cfa4        0x0 /usr/lib/gcc/arm-none-eabi/13.2.1/thumb/v7e-m+fp/hard/crtbegin.o
 *(.init)
 .init          0x0800cfa4        0x4 /usr/lib/gcc/arm-none-eabi/13.2.1/thumb/v7e-m+fp/hard/crti.o
                0x0800cfa4                _init
 .init          0x0800cfa8        0x8 /usr/lib/gcc/arm-none-eabi/13.2.1/thumb/v7e-m+fp/hard/crtn.o
 *(.fini)
 .fini          0x0800cfb0        0x4 /usr/lib/gcc/arm-none-eabi/13.2.1/thumb/v7e-m+fp/hard/crti.o
                0x0800cfb0                _fini
 .fini          0x0800cfb4        0x8 /usr/lib/gcc/arm-none-eabi/13.2.1/thumb/v7e-m+fp/hard/crtn.o
                0x0800cfbc                        . = ALIGN (0x4)
                0x0800cfbc                        _elab_init_start = .
 *(.elab_init_table)
 .elab_init_table
                0x0800cfbc       0xc4 libbsp_hw.a(board.c.obj)
                0x0800cfbc                init__init_led_status
                0x0800cfd8                init_hardware_spi3_init
                0x0800cff4                init__init_imu_sensor
                0x0800d010                init__init_enc_left
                0x0800d02c                init__init_enc_right
                0x0800d048                init__init_motor_left
                0x0800d064                init__init_motor_right
 .elab_init_table
                0x0800d080       0x1c libelab_vfs.a(elab_device.c.obj)
                0x0800d080                init_module_null_init
 *(SORT_BY_NAME(.elab_init_table.*))
                0x0800d09c                        _elab_init_end = .
                0x0800d09c                        . = ALIGN (0x4)
                0x0800d09c                        . = ALIGN (0x4)
                0x0800d09c                        _etext = .

.vfp11_veneer   0x0800d09c        0x0
 .vfp11_veneer  0x0800d09c        0x0 linker stubs

.v4_bx          0x0800d09c        0x0
 .v4_bx         0x0800d09c        0x0 linker stubs

.iplt           0x0800d09c        0x0
 .iplt          0x0800d09c        0x0 /usr/lib/gcc/arm-none-eabi/13.2.1/thumb/v7e-m+fp/hard/crtbegin.o

.rodata         0x0800d09c      0x8cc
                0x0800d09c                        . = ALIGN (0x4)
 *(.rodata)
 .rodata        0x0800d09c       0xca libbsp_hw.a(board.c.obj)
 *fill*         0x0800d166        0x2 
 .rodata        0x0800d168       0x78 libbsp_hw.a(elab_port.c.obj)
 .rodata        0x0800d1e0       0x53 libbsp_hw.a(cdc_desc.c.obj)
 *fill*         0x0800d233        0x1 
 .rodata        0x0800d234       0x39 libelab_vfs.a(elab_device.c.obj)
 *fill*         0x0800d26d        0x3 
 .rodata        0x0800d270       0x8e libapp_core.a(app_main.c.obj)
 *fill*         0x0800d2fe        0x2 
 .rodata        0x0800d300        0xb libapp_core.a(sm_blinky.c.obj)
 *fill*         0x0800d30b        0x1 
 .rodata        0x0800d30c      0x101 /usr/lib/gcc/arm-none-eabi/13.2.1/../../../arm-none-eabi/lib/thumb/v7e-m+fp/hard/libc_nano.a(libc_a-ctype_.o)
                0x0800d30c                _ctype_
 *fill*         0x0800d40d        0x3 
 .rodata        0x0800d410      0x398 /usr/lib/gcc/arm-none-eabi/13.2.1/../../../arm-none-eabi/lib/thumb/v7e-m+fp/hard/libm.a(libm_a-ef_rem_pio2.o)
 .rodata        0x0800d7a8       0x38 /usr/lib/gcc/arm-none-eabi/13.2.1/../../../arm-none-eabi/lib/thumb/v7e-m+fp/hard/libm.a(libm_a-kf_rem_pio2.o)
 *(.rodata*)
 .rodata.bat_curve
                0x0800d7e0       0x60 libbsp_hw.a(elab_adc3.c.obj)
                0x0800d7e0                bat_curve
 .rodata.led_ops
                0x0800d840       0x14 libbsp_hw.a(elab_led_at32.c.obj)
 .rodata.mpu_ops
                0x0800d854       0x14 libbsp_hw.a(elab_mpu6500.c.obj)
 .rodata.tle_ops
                0x0800d868       0x14 libbsp_hw.a(elab_tle5012b.c.obj)
 .rodata.sclk_ahb_div_table.3
                0x0800d87c       0x10 libbsp_hw.a(at32f403a_407_crm.c.obj)
 .rodata.ahb_apb1_div_table.2
                0x0800d88c        0x8 libbsp_hw.a(at32f403a_407_crm.c.obj)
 .rodata.ahb_apb2_div_table.1
                0x0800d894        0x8 libbsp_hw.a(at32f403a_407_crm.c.obj)
 .rodata.adc_div_table.0
                0x0800d89c        0x8 libbsp_hw.a(at32f403a_407_crm.c.obj)
 .rodata.sys_ahb_div_table.0
                0x0800d8a4       0x10 libbsp_hw.a(system_at32f403a_407.c.obj)
 .rodata.QF_port_module_
                0x0800d8b4        0x8 libbsp_hw.a(qv_port.c.obj)
                0x0800d8b4                QF_port_module_
 .rodata.Q_this_module_
                0x0800d8bc        0x3 libbsp_hw.a(qv.c.obj)
 *fill*         0x0800d8bf        0x1 
 .rodata.short_press_evt.2
                0x0800d8c0        0x4 libapp_core.a(app_main.c.obj)
 .rodata.long_press_evt.1
                0x0800d8c4        0x4 libapp_core.a(app_main.c.obj)
 .rodata.AO_Blinky
                0x0800d8c8        0x4 libapp_core.a(sm_blinky.c.obj)
                0x0800d8c8                AO_Blinky
 .rodata.startEvt.1
                0x0800d8cc        0x4 libapp_core.a(sm_blinky.c.obj)
 .rodata.stop_cmd.0
                0x0800d8d0        0x4 libapp_core.a(sm_blinky.c.obj)
 .rodata.Q_this_module_
                0x0800d8d4        0x8 libapp_core.a(qep_hsm.c.obj)
 .rodata.QEvt_reserved_
                0x0800d8dc       0x10 libapp_core.a(qep_hsm.c.obj)
                0x0800d8dc                QEvt_reserved_
 .rodata.vtable.0
                0x0800d8ec        0xc libapp_core.a(qep_hsm.c.obj)
 .rodata.Q_this_module_
                0x0800d8f8        0x8 libapp_core.a(qf_actq.c.obj)
 .rodata.Q_this_module_
                0x0800d900        0x7 libapp_core.a(qf_dyn.c.obj)
 *fill*         0x0800d907        0x1 
 .rodata.Q_this_module_
                0x0800d908        0x7 libapp_core.a(qf_mem.c.obj)
 *fill*         0x0800d90f        0x1 
 .rodata.Q_this_module_
                0x0800d910        0x8 libapp_core.a(qf_qact.c.obj)
 .rodata.vtable.0
                0x0800d918        0xc libapp_core.a(qf_qact.c.obj)
 .rodata.Q_this_module_
                0x0800d924        0x8 libapp_core.a(qf_time.c.obj)
 .rodata.str1.4
                0x0800d92c       0x39 /usr/lib/gcc/arm-none-eabi/13.2.1/../../../arm-none-eabi/lib/thumb/v7e-m+fp/hard/libc_nano.a(libc_a-nano-vfprintf.o)
                                 0x13 (size before relaxing)
 .rodata.str1.4
                0x0800d965       0x25 /usr/lib/gcc/arm-none-eabi/13.2.1/../../../arm-none-eabi/lib/thumb/v7e-m+fp/hard/libc_nano.a(libc_a-nano-vfprintf_i.o)
 .rodata.str1.4
                0x0800d965        0x1 /usr/lib/gcc/arm-none-eabi/13.2.1/../../../arm-none-eabi/lib/thumb/v7e-m+fp/hard/libm.a(libm_a-wf_log.o)
                0x0800d98c                        . = ALIGN (0x4)
 *fill*         0x0800d965        0x3 

.ARM.extab
 *(.ARM.extab* .gnu.linkonce.armextab.*)

.ARM            0x0800d968        0x8
                0x0800d968                        __exidx_start = .
 *(.ARM.exidx*)
 .ARM.exidx     0x0800d968        0x8 /usr/lib/gcc/arm-none-eabi/13.2.1/../../../arm-none-eabi/lib/thumb/v7e-m+fp/hard/libc_nano.a(libc_a-memcpy.o)
 .ARM.exidx     0x0800d970        0x0 /usr/lib/gcc/arm-none-eabi/13.2.1/../../../arm-none-eabi/lib/thumb/v7e-m+fp/hard/libc_nano.a(libc_a-strcmp.o)
                                  0x8 (size before relaxing)
 .ARM.exidx     0x0800d970        0x0 /usr/lib/gcc/arm-none-eabi/13.2.1/../../../arm-none-eabi/lib/thumb/v7e-m+fp/hard/libc_nano.a(libc_a-memchr.o)
                                  0x8 (size before relaxing)
                0x0800d970                        __exidx_end = .

.rel.dyn        0x0800d970        0x0
 .rel.iplt      0x0800d970        0x0 /usr/lib/gcc/arm-none-eabi/13.2.1/thumb/v7e-m+fp/hard/crtbegin.o

.preinit_array  0x0800d970        0x0
                0x0800d970                        PROVIDE (__preinit_array_start = .)
 *(.preinit_array*)
                0x0800d970                        PROVIDE (__preinit_array_end = .)

.init_array     0x0800d970        0x4
                0x0800d970                        PROVIDE (__init_array_start = .)
 *(SORT_BY_NAME(.init_array.*))
 *(.init_array*)
 .init_array    0x0800d970        0x4 /usr/lib/gcc/arm-none-eabi/13.2.1/thumb/v7e-m+fp/hard/crtbegin.o
                0x0800d974                        PROVIDE (__init_array_end = .)

.fini_array     0x0800d974        0x4
                0x0800d974                        PROVIDE (__fini_array_start = .)
 *(SORT_BY_NAME(.fini_array.*))
 *(.fini_array*)
 .fini_array    0x0800d974        0x4 /usr/lib/gcc/arm-none-eabi/13.2.1/thumb/v7e-m+fp/hard/crtbegin.o
                0x0800d978                        PROVIDE (__fini_array_end = .)
                0x0800d978                        _sidata = LOADADDR (.data)

.data           0x20000000      0x41c load address 0x0800d978
                0x20000000                        . = ALIGN (0x4)
                0x20000000                        _sdata = .
 *(.data)
 .data          0x20000000        0xc /usr/lib/gcc/arm-none-eabi/13.2.1/../../../arm-none-eabi/lib/thumb/v7e-m+fp/hard/libc_nano.a(libc_a-findfp.o)
                0x20000000                __sglue
 .data          0x2000000c       0x50 /usr/lib/gcc/arm-none-eabi/13.2.1/../../../arm-none-eabi/lib/thumb/v7e-m+fp/hard/libc_nano.a(libc_a-impure.o)
                0x2000000c                _impure_ptr
                0x20000010                _impure_data
 *(.data*)
 .data._inst_led_status
                0x2000005c       0x20 libbsp_hw.a(board.c.obj)
 .data._attr_led_status
                0x2000007c        0x8 libbsp_hw.a(board.c.obj)
 .data._inst_imu_sensor
                0x20000084       0x3c libbsp_hw.a(board.c.obj)
 .data._attr_imu_sensor
                0x200000c0        0x8 libbsp_hw.a(board.c.obj)
 .data._inst_enc_left
                0x200000c8       0x28 libbsp_hw.a(board.c.obj)
 .data._attr_enc_left
                0x200000f0        0x8 libbsp_hw.a(board.c.obj)
 .data._inst_enc_right
                0x200000f8       0x28 libbsp_hw.a(board.c.obj)
 .data._attr_enc_right
                0x20000120        0x8 libbsp_hw.a(board.c.obj)
 .data._inst_motor_left
                0x20000128       0xf0 libbsp_hw.a(board.c.obj)
 .data._attr_motor_left
                0x20000218        0x8 libbsp_hw.a(board.c.obj)
 .data._inst_motor_right
                0x20000220       0xf0 libbsp_hw.a(board.c.obj)
 .data._attr_motor_right
                0x20000310        0x8 libbsp_hw.a(board.c.obj)
 .data.delay_t  0x20000318        0x2 libbsp_hw.a(elab_foc_motor.c.obj)
                0x20000318                delay_t
 .data.g_boot_lock
                0x2000031a        0x1 libbsp_hw.a(elab_power_key.c.obj)
 *fill*         0x2000031b        0x1 
 .data.g_usb_packet_address
                0x2000031c        0x4 libbsp_hw.a(at32f403a_407_usb.c.obj)
                0x2000031c                g_usb_packet_address
 .data.g_usb_offset_addr
                0x20000320        0x2 libbsp_hw.a(at32f403a_407_usb.c.obj)
 *fill*         0x20000322        0x2 
 .data.linecoding
                0x20000324        0x8 libbsp_hw.a(cdc_class.c.obj)
                0x20000324                linecoding
 .data.cdc_class_handler
                0x2000032c       0x28 libbsp_hw.a(cdc_class.c.obj)
                0x2000032c                cdc_class_handler
 .data.cdc_desc_handler
                0x20000354       0x28 libbsp_hw.a(cdc_desc.c.obj)
                0x20000354                cdc_desc_handler
 .data.g_usbd_descriptor
                0x2000037c       0x12 libbsp_hw.a(cdc_desc.c.obj)
 *fill*         0x2000038e        0x2 
 .data.g_usbd_configuration
                0x20000390       0x43 libbsp_hw.a(cdc_desc.c.obj)
 *fill*         0x200003d3        0x1 
 .data.g_string_lang_id
                0x200003d4        0x4 libbsp_hw.a(cdc_desc.c.obj)
 .data.g_string_serial
                0x200003d8       0x1a libbsp_hw.a(cdc_desc.c.obj)
 *fill*         0x200003f2        0x2 
 .data.device_descriptor
                0x200003f4        0x8 libbsp_hw.a(cdc_desc.c.obj)
 .data.config_descriptor
                0x200003fc        0x8 libbsp_hw.a(cdc_desc.c.obj)
 .data.langid_descriptor
                0x20000404        0x8 libbsp_hw.a(cdc_desc.c.obj)
 .data.serial_descriptor
                0x2000040c        0x8 libbsp_hw.a(cdc_desc.c.obj)
 .data.system_core_clock
                0x20000414        0x4 libbsp_hw.a(system_at32f403a_407.c.obj)
                0x20000414                system_core_clock
 .data.export_level_max
                0x20000418        0x1 libelab_vfs.a(elab_device.c.obj)
                0x2000041c                        . = ALIGN (0x4)
 *fill*         0x20000419        0x3 
                0x2000041c                        _edata = .
                0x08400000                        _spim_init_base = LOADADDR (.spim)
                0x00000000                        _spim_init_length = SIZEOF (.spim)

.tm_clone_table
                0x2000041c        0x0 load address 0x0800dd94
 .tm_clone_table
                0x2000041c        0x0 /usr/lib/gcc/arm-none-eabi/13.2.1/thumb/v7e-m+fp/hard/crtbegin.o
 .tm_clone_table
                0x2000041c        0x0 /usr/lib/gcc/arm-none-eabi/13.2.1/thumb/v7e-m+fp/hard/crtend.o

.igot.plt       0x2000041c        0x0 load address 0x0800dd94
 .igot.plt      0x2000041c        0x0 /usr/lib/gcc/arm-none-eabi/13.2.1/thumb/v7e-m+fp/hard/crtbegin.o

.spim           0x08400000        0x0
                0x08400000                        . = ALIGN (0x4)
                0x08400000                        _spim_start = .
 *(.spim)
 *(.spim*)
                0x08400000                        . = ALIGN (0x4)
                0x08400000                        _spim_end = .
                0x08400000                        . = ALIGN (0x4)

.bss            0x2000041c      0xef0
                0x2000041c                        _sbss = .
                0x2000041c                        __bss_start__ = _sbss
 *(.bss)
 .bss           0x2000041c       0x1c /usr/lib/gcc/arm-none-eabi/13.2.1/thumb/v7e-m+fp/hard/crtbegin.o
 .bss           0x20000438      0x13c /usr/lib/gcc/arm-none-eabi/13.2.1/../../../arm-none-eabi/lib/thumb/v7e-m+fp/hard/libc_nano.a(libc_a-findfp.o)
                0x20000438                __sf
                0x20000570                __stdio_exit_handler
 .bss           0x20000574        0x8 /usr/lib/gcc/arm-none-eabi/13.2.1/../../../arm-none-eabi/lib/thumb/v7e-m+fp/hard/libc_nano.a(libc_a-mallocr.o)
                0x20000574                __malloc_sbrk_start
                0x20000578                __malloc_free_list
 .bss           0x2000057c        0x4 /usr/lib/gcc/arm-none-eabi/13.2.1/../../../arm-none-eabi/lib/thumb/v7e-m+fp/hard/libc_nano.a(libc_a-reent.o)
                0x2000057c                errno
 *(.bss*)
 .bss.Cubli_Cali_Status
                0x20000580        0x1 libbsp_hw.a(elab_foc_motor.c.obj)
                0x20000580                Cubli_Cali_Status
 .bss.Music_flag
                0x20000581        0x1 libbsp_hw.a(elab_foc_motor.c.obj)
                0x20000581                Music_flag
 .bss.delay1    0x20000582        0x2 libbsp_hw.a(elab_foc_motor.c.obj)
                0x20000582                delay1
 .bss.delay2    0x20000584        0x2 libbsp_hw.a(elab_foc_motor.c.obj)
                0x20000584                delay2
 *fill*         0x20000586        0x2 
 .bss.g_key_evt_callback
                0x20000588        0x4 libbsp_hw.a(elab_power_key.c.obj)
 .bss.g_key_hold_cnt
                0x2000058c        0x2 libbsp_hw.a(elab_power_key.c.obj)
 .bss.g_key_last_state
                0x2000058e        0x1 libbsp_hw.a(elab_power_key.c.obj)
 .bss.g_system_enable
                0x2000058f        0x1 libbsp_hw.a(elab_protocol.c.obj)
                0x2000058f                g_system_enable
 .bss.tx_frame.0
                0x20000590       0x13 libbsp_hw.a(elab_protocol.c.obj)
 *fill*         0x200005a3        0x1 
 .bss.g_rx_buffer
                0x200005a4       0x40 libbsp_hw.a(elab_usart1.c.obj)
 .bss.g_rx_cb   0x200005e4        0x4 libbsp_hw.a(elab_usart1.c.obj)
 .bss.g_adc_isr_cycles
                0x200005e8        0x4 libbsp_hw.a(at32f403a_407_int.c.obj)
                0x200005e8                g_adc_isr_cycles
 .bss.g_adc_isr_max_cycles
                0x200005ec        0x4 libbsp_hw.a(at32f403a_407_int.c.obj)
                0x200005ec                g_adc_isr_max_cycles
 .bss.cdc_struct
                0x200005f0       0x5c libbsp_hw.a(cdc_class.c.obj)
                0x200005f0                cdc_struct
 .bss.g_usbd_desc_buffer
                0x2000064c      0x100 libbsp_hw.a(cdc_desc.c.obj)
 .bss.vp_desc   0x2000074c        0x8 libbsp_hw.a(cdc_desc.c.obj)
 .bss.g_adc3_buffer
                0x20000754        0x6 libbsp_hw.a(main.c.obj)
                0x20000754                g_adc3_buffer
 *fill*         0x2000075a        0x2 
 .bss.__sbrk_heap_end
                0x2000075c        0x4 libbsp_hw.a(sysmem.c.obj)
 .bss.usb_core_dev
                0x20000760      0x22c libbsp_hw.a(usb_app.c.obj)
                0x20000760                usb_core_dev
 .bss.usbd_app_buffer_fs1
                0x2000098c      0x200 libbsp_hw.a(usb_app.c.obj)
                0x2000098c                usbd_app_buffer_fs1
 .bss.send_zero_packet.0
                0x20000b8c        0x1 libbsp_hw.a(usb_app.c.obj)
 *fill*         0x20000b8d        0x3 
 .bss.timebase_ticks
                0x20000b90        0x4 libbsp_hw.a(wk_system.c.obj)
                0x20000b90                timebase_ticks
 .bss.config_value.0
                0x20000b94        0x1 libbsp_hw.a(usbd_sdr.c.obj)
 *fill*         0x20000b95        0x3 
 .bss.QV_priv_  0x20000b98       0x10 libbsp_hw.a(qv.c.obj)
                0x20000b98                QV_priv_
 .bss._edf_device_count
                0x20000ba8        0x4 libelab_vfs.a(elab_device.c.obj)
 .bss._edf_table
                0x20000bac      0x100 libelab_vfs.a(elab_device.c.obj)
 .bss.count_export_init
                0x20000cac        0x4 libelab_vfs.a(elab_device.c.obj)
 .bss.export_init_table
                0x20000cb0        0x4 libelab_vfs.a(elab_device.c.obj)
 .bss.l_subscrSto
                0x20000cb4       0xc0 libapp_core.a(app_main.c.obj)
 .bss.l_smlPoolSto
                0x20000d74      0x400 libapp_core.a(app_main.c.obj)
 .bss.blinky_queue
                0x20001174       0x28 libapp_core.a(app_main.c.obj)
 .bss.g_motor_L
                0x2000119c        0x4 libapp_core.a(app_main.c.obj)
                0x2000119c                g_motor_L
 .bss.g_motor_R
                0x200011a0        0x4 libapp_core.a(app_main.c.obj)
                0x200011a0                g_motor_R
 .bss.g_enc_L   0x200011a4        0x4 libapp_core.a(app_main.c.obj)
                0x200011a4                g_enc_L
 .bss.g_enc_R   0x200011a8        0x4 libapp_core.a(app_main.c.obj)
                0x200011a8                g_enc_R
 .bss.g_remote_speed
                0x200011ac        0x2 libapp_core.a(app_main.c.obj)
                0x200011ac                g_remote_speed
 .bss.g_remote_turn
                0x200011ae        0x2 libapp_core.a(app_main.c.obj)
                0x200011ae                g_remote_turn
 .bss.div_cnt.0
                0x200011b0        0x1 libapp_core.a(app_main.c.obj)
 *fill*         0x200011b1        0x3 
 .bss.l_blinky  0x200011b4       0x78 libapp_core.a(sm_blinky.c.obj)
 .bss.QActive_registry_
                0x2000122c       0x84 libapp_core.a(qf_act.c.obj)
                0x2000122c                QActive_registry_
 .bss.QF_priv_  0x200012b0       0x40 libapp_core.a(qf_act.c.obj)
                0x200012b0                QF_priv_
 .bss.QActive_subscrList_
                0x200012f0        0x4 libapp_core.a(qf_ps.c.obj)
                0x200012f0                QActive_subscrList_
 .bss.QActive_maxPubSignal_
                0x200012f4        0x4 libapp_core.a(qf_ps.c.obj)
                0x200012f4                QActive_maxPubSignal_
 .bss.QTimeEvt_timeEvtHead_
                0x200012f8       0x14 libapp_core.a(qf_time.c.obj)
                0x200012f8                QTimeEvt_timeEvtHead_
 *(COMMON)
                0x2000130c                        . = ALIGN (0x4)
                0x2000130c                        _ebss = .
                0x2000130c                        __bss_end__ = _ebss

._user_heap_stack
                0x2000130c     0x1204
                0x20001310                        . = ALIGN (0x8)
 *fill*         0x2000130c        0x4 
                [!provide]                        PROVIDE (end = .)
                0x20001310                        PROVIDE (_end = .)
                0x20001510                        . = (. + _Min_Heap_Size)
 *fill*         0x20001310      0x200 
                0x20002510                        . = (. + _Min_Stack_Size)
 *fill*         0x20001510     0x1000 
                0x20002510                        . = ALIGN (0x8)

/DISCARD/
 libc.a(*)
 libm.a(*)
 libgcc.a(*)

.ARM.attributes
                0x00000000       0x30
 *(.ARM.attributes)
 .ARM.attributes
                0x00000000       0x22 /usr/lib/gcc/arm-none-eabi/13.2.1/thumb/v7e-m+fp/hard/crti.o
 .ARM.attributes
                0x00000022       0x34 /usr/lib/gcc/arm-none-eabi/13.2.1/thumb/v7e-m+fp/hard/crtbegin.o
 .ARM.attributes
                0x00000056       0x34 /usr/lib/gcc/arm-none-eabi/13.2.1/../../../arm-none-eabi/lib/thumb/v7e-m+fp/hard/libc_nano.a(libc_a-init.o)
 .ARM.attributes
                0x0000008a       0x34 /usr/lib/gcc/arm-none-eabi/13.2.1/../../../arm-none-eabi/lib/thumb/v7e-m+fp/hard/libc_nano.a(libc_a-memset.o)
 .ARM.attributes
                0x000000be       0x34 /usr/lib/gcc/arm-none-eabi/13.2.1/../../../arm-none-eabi/lib/thumb/v7e-m+fp/hard/libc_nano.a(libc_a-findfp.o)
 .ARM.attributes
                0x000000f2       0x34 /usr/lib/gcc/arm-none-eabi/13.2.1/../../../arm-none-eabi/lib/thumb/v7e-m+fp/hard/libc_nano.a(libc_a-fflush.o)
 .ARM.attributes
                0x00000126       0x34 /usr/lib/gcc/arm-none-eabi/13.2.1/../../../arm-none-eabi/lib/thumb/v7e-m+fp/hard/libc_nano.a(libc_a-mallocr.o)
 .ARM.attributes
                0x0000015a       0x34 /usr/lib/gcc/arm-none-eabi/13.2.1/../../../arm-none-eabi/lib/thumb/v7e-m+fp/hard/libc_nano.a(libc_a-freer.o)
 .ARM.attributes
                0x0000018e       0x34 /usr/lib/gcc/arm-none-eabi/13.2.1/../../../arm-none-eabi/lib/thumb/v7e-m+fp/hard/libc_nano.a(libc_a-fwalk.o)
 .ARM.attributes
                0x000001c2       0x34 /usr/lib/gcc/arm-none-eabi/13.2.1/../../../arm-none-eabi/lib/thumb/v7e-m+fp/hard/libc_nano.a(libc_a-mlock.o)
 .ARM.attributes
                0x000001f6       0x34 /usr/lib/gcc/arm-none-eabi/13.2.1/../../../arm-none-eabi/lib/thumb/v7e-m+fp/hard/libc_nano.a(libc_a-sbrkr.o)
 .ARM.attributes
                0x0000022a       0x34 /usr/lib/gcc/arm-none-eabi/13.2.1/../../../arm-none-eabi/lib/thumb/v7e-m+fp/hard/libc_nano.a(libc_a-stdio.o)
 .ARM.attributes
                0x0000025e       0x34 /usr/lib/gcc/arm-none-eabi/13.2.1/../../../arm-none-eabi/lib/thumb/v7e-m+fp/hard/libc_nano.a(libc_a-impure.o)
 .ARM.attributes
                0x00000292       0x34 /usr/lib/gcc/arm-none-eabi/13.2.1/../../../arm-none-eabi/lib/thumb/v7e-m+fp/hard/libc_nano.a(libc_a-closer.o)
 .ARM.attributes
                0x000002c6       0x34 /usr/lib/gcc/arm-none-eabi/13.2.1/../../../arm-none-eabi/lib/thumb/v7e-m+fp/hard/libc_nano.a(libc_a-readr.o)
 .ARM.attributes
                0x000002fa       0x34 /usr/lib/gcc/arm-none-eabi/13.2.1/../../../arm-none-eabi/lib/thumb/v7e-m+fp/hard/libc_nano.a(libc_a-reent.o)
 .ARM.attributes
                0x0000032e       0x34 /usr/lib/gcc/arm-none-eabi/13.2.1/../../../arm-none-eabi/lib/thumb/v7e-m+fp/hard/libc_nano.a(libc_a-lseekr.o)
 .ARM.attributes
                0x00000362       0x34 /usr/lib/gcc/arm-none-eabi/13.2.1/../../../arm-none-eabi/lib/thumb/v7e-m+fp/hard/libc_nano.a(libc_a-writer.o)
 .ARM.attributes
                0x00000396       0x21 CMakeFiles/test.elf.dir/AT32F403AVGT7PHC/libraries/cmsis/cm4/device_support/startup/gcc/startup_at32f403a_407.s.obj
 .ARM.attributes
                0x000003b7       0x34 libbsp_hw.a(board.c.obj)
 .ARM.attributes
                0x000003eb       0x34 libbsp_hw.a(elab_adc3.c.obj)
 .ARM.attributes
                0x0000041f       0x34 libbsp_hw.a(elab_foc_motor.c.obj)
 .ARM.attributes
                0x00000453       0x34 libbsp_hw.a(elab_led_at32.c.obj)
 .ARM.attributes
                0x00000487       0x34 libbsp_hw.a(elab_mpu6500.c.obj)
 .ARM.attributes
                0x000004bb       0x34 libbsp_hw.a(elab_port.c.obj)
 .ARM.attributes
                0x000004ef       0x34 libbsp_hw.a(elab_power_key.c.obj)
 .ARM.attributes
                0x00000523       0x34 libbsp_hw.a(elab_protocol.c.obj)
 .ARM.attributes
                0x00000557       0x34 libbsp_hw.a(elab_tle5012b.c.obj)
 .ARM.attributes
                0x0000058b       0x34 libbsp_hw.a(elab_usart1.c.obj)
 .ARM.attributes
                0x000005bf       0x34 libbsp_hw.a(at32f403a_407_acc.c.obj)
 .ARM.attributes
                0x000005f3       0x34 libbsp_hw.a(at32f403a_407_adc.c.obj)
 .ARM.attributes
                0x00000627       0x34 libbsp_hw.a(at32f403a_407_crm.c.obj)
 .ARM.attributes
                0x0000065b       0x34 libbsp_hw.a(at32f403a_407_dma.c.obj)
 .ARM.attributes
                0x0000068f       0x34 libbsp_hw.a(at32f403a_407_gpio.c.obj)
 .ARM.attributes
                0x000006c3       0x34 libbsp_hw.a(at32f403a_407_misc.c.obj)
 .ARM.attributes
                0x000006f7       0x34 libbsp_hw.a(at32f403a_407_spi.c.obj)
 .ARM.attributes
                0x0000072b       0x34 libbsp_hw.a(at32f403a_407_tmr.c.obj)
 .ARM.attributes
                0x0000075f       0x34 libbsp_hw.a(at32f403a_407_usart.c.obj)
 .ARM.attributes
                0x00000793       0x34 libbsp_hw.a(at32f403a_407_usb.c.obj)
 .ARM.attributes
                0x000007c7       0x34 libbsp_hw.a(at32f403a_407_int.c.obj)
 .ARM.attributes
                0x000007fb       0x34 libbsp_hw.a(at32f403a_407_wk_config.c.obj)
 .ARM.attributes
                0x0000082f       0x34 libbsp_hw.a(cdc_class.c.obj)
 .ARM.attributes
                0x00000863       0x34 libbsp_hw.a(cdc_desc.c.obj)
 .ARM.attributes
                0x00000897       0x34 libbsp_hw.a(main.c.obj)
 .ARM.attributes
                0x000008cb       0x34 libbsp_hw.a(syscalls.c.obj)
 .ARM.attributes
                0x000008ff       0x34 libbsp_hw.a(sysmem.c.obj)
 .ARM.attributes
                0x00000933       0x34 libbsp_hw.a(usb_app.c.obj)
 .ARM.attributes
                0x00000967       0x34 libbsp_hw.a(wk_acc.c.obj)
 .ARM.attributes
                0x0000099b       0x34 libbsp_hw.a(wk_adc.c.obj)
 .ARM.attributes
                0x000009cf       0x34 libbsp_hw.a(wk_debug.c.obj)
 .ARM.attributes
                0x00000a03       0x34 libbsp_hw.a(wk_dma.c.obj)
 .ARM.attributes
                0x00000a37       0x34 libbsp_hw.a(wk_gpio.c.obj)
 .ARM.attributes
                0x00000a6b       0x34 libbsp_hw.a(wk_spi.c.obj)
 .ARM.attributes
                0x00000a9f       0x34 libbsp_hw.a(wk_system.c.obj)
 .ARM.attributes
                0x00000ad3       0x34 libbsp_hw.a(wk_tmr.c.obj)
 .ARM.attributes
                0x00000b07       0x34 libbsp_hw.a(wk_usbfs.c.obj)
 .ARM.attributes
                0x00000b3b       0x34 libbsp_hw.a(usbd_core.c.obj)
 .ARM.attributes
                0x00000b6f       0x34 libbsp_hw.a(usbd_int.c.obj)
 .ARM.attributes
                0x00000ba3       0x34 libbsp_hw.a(usbd_sdr.c.obj)
 .ARM.attributes
                0x00000bd7       0x34 libbsp_hw.a(system_at32f403a_407.c.obj)
 .ARM.attributes
                0x00000c0b       0x34 libbsp_hw.a(qv_port.c.obj)
 .ARM.attributes
                0x00000c3f       0x34 libbsp_hw.a(qv.c.obj)
 .ARM.attributes
                0x00000c73       0x34 libelab_vfs.a(elab_device.c.obj)
 .ARM.attributes
                0x00000ca7       0x34 libapp_core.a(app_main.c.obj)
 .ARM.attributes
                0x00000cdb       0x34 libapp_core.a(sm_blinky.c.obj)
 .ARM.attributes
                0x00000d0f       0x34 libapp_core.a(qep_hsm.c.obj)
 .ARM.attributes
                0x00000d43       0x34 libapp_core.a(qf_act.c.obj)
 .ARM.attributes
                0x00000d77       0x34 libapp_core.a(qf_actq.c.obj)
 .ARM.attributes
                0x00000dab       0x34 libapp_core.a(qf_dyn.c.obj)
 .ARM.attributes
                0x00000ddf       0x34 libapp_core.a(qf_mem.c.obj)
 .ARM.attributes
                0x00000e13       0x34 libapp_core.a(qf_ps.c.obj)
 .ARM.attributes
                0x00000e47       0x34 libapp_core.a(qf_qact.c.obj)
 .ARM.attributes
                0x00000e7b       0x34 libapp_core.a(qf_qeq.c.obj)
 .ARM.attributes
                0x00000eaf       0x34 libapp_core.a(qf_time.c.obj)
 .ARM.attributes
                0x00000ee3       0x34 /usr/lib/gcc/arm-none-eabi/13.2.1/../../../arm-none-eabi/lib/thumb/v7e-m+fp/hard/libc_nano.a(libc_a-puts.o)
 .ARM.attributes
                0x00000f17       0x34 /usr/lib/gcc/arm-none-eabi/13.2.1/../../../arm-none-eabi/lib/thumb/v7e-m+fp/hard/libc_nano.a(libc_a-errno.o)
 .ARM.attributes